D/WifiStateTracker(  152): WifiManager.calculateSignalLevel(-49, 4)=3
D/WifiStateTracker(  152): WifiManager.calculateSignalLevel(-52, 4)=3
D/WifiStateTracker(  152): WifiManager.calculateSignalLevel(-54, 4)=3
D/AndroidRuntime( 5083): 
D/AndroidRuntime( 5083): >>>>>> AndroidRuntime START com.android.internal.os.RuntimeInit <<<<<<
D/AndroidRuntime( 5083): CheckJNI is OFF
D/AndroidRuntime( 5083): Calling main entry com.android.commands.pm.Pm
E/ActivityThread( 4831): >>> handling: 114
D/ActivityThread( 4831): <<< done: 114
E/ActivityThread( 4831): >>> handling: 121
D/ActivityThread( 4831): <<< done: 121
D/dalvikvm( 4831): GC_EXPLICIT freed 5K, 49% free 2750K/5379K, external 1625K/2137K, paused 114ms
W/ActivityManager(  152): No content provider found for: 
D/WifiStateTracker(  152): WifiManager.calculateSignalLevel(-53, 4)=3
I/KeyguardUpdateMonitor(  152): enter isDeviceProvisioned ...
I/KeyguardUpdateMonitor(  152): enter isDeviceProvisioned ...
I/KeyguardUpdateMonitor(  152): enter isDeviceProvisioned ...
E/PackageManager(  152): chooseBestActivitycom.android.launcher2.Launcher=0 vs com.orange.homescreen3x.MainActivity=0
I/ActivityManager(  152): Starting: Intent { act=android.intent.action.MAIN cat=[android.intent.category.HOME] flg=0x10200000 cmp=com.android.launcher/com.android.launcher2.Launcher } from pid 152
V/InputMethodService( 4352): liuan : call closepanel.
V/InputMethodService( 4352): liuan : call closepanel. 123
E/ActivityThread( 1654): >>> handling: 112
I/ActivityThread(  152): Receiving broadcast android.intent.action.CLOSE_SYSTEM_DIALOGS to com.android.server.InputMethodManagerService$ScreenOnOffReceiver@2b21e1b8
I/ActivityThread(  152): Enqueueing broadcast android.intent.action.CLOSE_SYSTEM_DIALOGS to com.android.server.InputMethodManagerService$ScreenOnOffReceiver@2b21e1b8
I/ActivityThread(  152): Receiving broadcast android.intent.action.CLOSE_SYSTEM_DIALOGS to com.android.internal.policy.impl.GlobalActions$4@2b355818
I/ActivityThread(  152): Enqueueing broadcast android.intent.action.CLOSE_SYSTEM_DIALOGS to com.android.internal.policy.impl.GlobalActions$4@2b355818
I/ActivityThread(  152): Dispatching broadcast android.intent.action.CLOSE_SYSTEM_DIALOGS to com.android.server.InputMethodManagerService$ScreenOnOffReceiver@2b21e1b8
I/ActivityThread(  152):   mRegistered=true mCurOrdered=false
I/ActivityThread(  152): Dispatching broadcast android.intent.action.CLOSE_SYSTEM_DIALOGS to com.android.internal.policy.impl.GlobalActions$4@2b355818
I/ActivityThread(  152):   mRegistered=true mCurOrdered=false
I/ActivityThread(  220): Receiving broadcast android.intent.action.CLOSE_SYSTEM_DIALOGS to com.android.systemui.statusbar.StatusBarService$4@2afec480
I/ActivityThread(  220): Enqueueing broadcast android.intent.action.CLOSE_SYSTEM_DIALOGS to com.android.systemui.statusbar.StatusBarService$4@2afec480
I/ActivityThread(32043): Receiving broadcast android.intent.action.CLOSE_SYSTEM_DIALOGS to com.orange.widget.devicestatus.SystemHandler$1@2afce360
I/ActivityThread(32043): Enqueueing broadcast android.intent.action.CLOSE_SYSTEM_DIALOGS to com.orange.widget.devicestatus.SystemHandler$1@2afce360
I/ActivityThread(32043): Receiving broadcast android.intent.action.CLOSE_SYSTEM_DIALOGS to com.orange.widget.devicestatus.SystemHandler$2@2afce618
I/ActivityThread(32043): Enqueueing broadcast android.intent.action.CLOSE_SYSTEM_DIALOGS to com.orange.widget.devicestatus.SystemHandler$2@2afce618
I/ActivityThread(32043): Dispatching broadcast android.intent.action.CLOSE_SYSTEM_DIALOGS to com.orange.widget.devicestatus.SystemHandler$1@2afce360
I/ActivityThread(32043):   mRegistered=true mCurOrdered=false
I/ActivityThread(32043): Dispatching broadcast android.intent.action.CLOSE_SYSTEM_DIALOGS to com.orange.widget.devicestatus.SystemHandler$2@2afce618
I/ActivityThread(32043):   mRegistered=true mCurOrdered=false
I/ActivityThread( 4352): Receiving broadcast android.intent.action.CLOSE_SYSTEM_DIALOGS to android.inputmethodservice.InputMethodService$CloseSystemDialogsIntentReceiver@2afe2cd0
I/ActivityThread( 4352): Enqueueing broadcast android.intent.action.CLOSE_SYSTEM_DIALOGS to android.inputmethodservice.InputMethodService$CloseSystemDialogsIntentReceiver@2afe2cd0
I/ActivityThread( 4352): Dispatching broadcast android.intent.action.CLOSE_SYSTEM_DIALOGS to android.inputmethodservice.InputMethodService$CloseSystemDialogsIntentReceiver@2afe2cd0
I/ActivityThread( 4352):   mRegistered=true mCurOrdered=false
I/ActivityThread(  220): Dispatching broadcast android.intent.action.CLOSE_SYSTEM_DIALOGS to com.android.systemui.statusbar.StatusBarService$4@2afec480
I/ActivityThread(  220):   mRegistered=true mCurOrdered=false
D/wenxin  (  220): mBroadcastReceiver.action = android.intent.action.CLOSE_SYSTEM_DIALOGS
I/ActivityThread( 1654): Receiving broadcast android.intent.action.CLOSE_SYSTEM_DIALOGS to com.android.launcher2.Launcher$CloseSystemDialogsIntentReceiver@2afe18b8
I/ActivityThread( 1654): Enqueueing broadcast android.intent.action.CLOSE_SYSTEM_DIALOGS to com.android.launcher2.Launcher$CloseSystemDialogsIntentReceiver@2afe18b8
D/ActivityThread( 1654): <<< done: 112
I/ActivityThread( 1654): Dispatching broadcast android.intent.action.CLOSE_SYSTEM_DIALOGS to com.android.launcher2.Launcher$CloseSystemDialogsIntentReceiver@2afe18b8
I/ActivityThread( 1654):   mRegistered=true mCurOrdered=false
D/WifiStateTracker(  152): WifiManager.calculateSignalLevel(-53, 4)=3
D/WifiStateTracker(  152): WifiManager.calculateSignalLevel(-51, 4)=3
W/ActivityManager(  152): No content provider found for: 
E/ActivityThread( 4831): >>> handling: 122
D/ActivityThread( 4831): <<< done: 122
E/ActivityThread( 4831): >>> handling: 116
D/PackageParser(  152): Scanning package: /data/app/vmdl1120446958.tmp
D/ActivityThread( 4831): <<< done: 116
E/ActivityThread( 4831): >>> handling: 119
D/ActivityThread( 4831): <<< done: 119
D/WifiStateTracker(  152): WifiManager.calculateSignalLevel(-53, 4)=3
D/PackageManager(  152): Scanning package com.grimpunch.games.HyperSpaceCroquet
I/PackageManager(  152): Unpacking native libraries for /data/app/com.grimpunch.games.HyperSpaceCroquet-1.apk
D/WifiStateTracker(  152): WifiManager.calculateSignalLevel(-50, 4)=3
E/ActivityThread( 4831): >>> handling: 120
D/ActivityThread( 4831): <<< done: 120
D/dalvikvm( 4831): GC_EXPLICIT freed 8K, 49% free 2748K/5379K, external 1625K/2137K, paused 100ms
D/WifiStateTracker(  152): WifiManager.calculateSignalLevel(-52, 4)=3
D/WifiStateTracker(  152): WifiManager.calculateSignalLevel(-54, 4)=3
D/WifiStateTracker(  152): WifiManager.calculateSignalLevel(-56, 4)=2
I/Kineto::wifi(  247): onReceive Enter
V/Kineto::wifi(  247): RSSI_CHANGED_ACTION newRssi: -56
I/Kineto::wifi(  247): onReceive Exit
I/ActivityThread(  220): Receiving broadcast android.net.wifi.RSSI_CHANGED to com.android.systemui.statusbar.policy.StatusBarPolicy$1@2b005578
I/ActivityThread(  220): Enqueueing broadcast android.net.wifi.RSSI_CHANGED to com.android.systemui.statusbar.policy.StatusBarPolicy$1@2b005578
I/ActivityThread(  247): Receiving broadcast android.net.wifi.RSSI_CHANGED to com.android.kineto.wifi$1@2b002198
I/ActivityThread(  247): Enqueueing broadcast android.net.wifi.RSSI_CHANGED to com.android.kineto.wifi$1@2b002198
I/ActivityThread(32043): Receiving broadcast android.net.wifi.RSSI_CHANGED to com.orange.widget.devicestatus.SystemHandler$2@2afce618
I/ActivityThread(32043): Enqueueing broadcast android.net.wifi.RSSI_CHANGED to com.orange.widget.devicestatus.SystemHandler$2@2afce618
I/ActivityThread(  220): Dispatching broadcast android.net.wifi.RSSI_CHANGED to com.android.systemui.statusbar.policy.StatusBarPolicy$1@2b005578
I/ActivityThread(  220):   mRegistered=true mCurOrdered=false
I/ActivityThread(  247): Dispatching broadcast android.net.wifi.RSSI_CHANGED to com.android.kineto.wifi$1@2b002198
I/ActivityThread(  247):   mRegistered=true mCurOrdered=false
I/ActivityThread(32043): Dispatching broadcast android.net.wifi.RSSI_CHANGED to com.orange.widget.devicestatus.SystemHandler$2@2afce618
I/ActivityThread(32043):   mRegistered=true mCurOrdered=false
E/ActivityThread( 3326): >>> handling: 113
I/ActivityThread( 3326): Finishing broadcast to ComponentInfo{com.orange.widget.rss/com.orange.widget.rss.RSSAppWidget}
D/ActivityThread( 3326): <<< done: 113
E/ActivityThread(32043): >>> handling: 113
E/ConnectivityService(  152):  getNetworkInfo : 0
D/WifiStateTracker(  152): WifiManager.calculateSignalLevel(-56, 4)=2
I/ActivityThread(32043): Finishing broadcast to ComponentInfo{com.orange.widget.devicestatus/com.orange.widget.devicestatus.DeviceStatusWidget}
D/ActivityThread(32043): <<< done: 113
D/WifiStateTracker(  152): WifiManager.calculateSignalLevel(-53, 4)=3
I/ActivityThread(  220): Receiving broadcast android.net.wifi.RSSI_CHANGED to com.android.systemui.statusbar.policy.StatusBarPolicy$1@2b005578
I/ActivityThread(  220): Enqueueing broadcast android.net.wifi.RSSI_CHANGED to com.android.systemui.statusbar.policy.StatusBarPolicy$1@2b005578
I/ActivityThread(  220): Dispatching broadcast android.net.wifi.RSSI_CHANGED to com.android.systemui.statusbar.policy.StatusBarPolicy$1@2b005578
I/ActivityThread(  220):   mRegistered=true mCurOrdered=false
I/ActivityThread(  247): Receiving broadcast android.net.wifi.RSSI_CHANGED to com.android.kineto.wifi$1@2b002198
I/ActivityThread(  247): Enqueueing broadcast android.net.wifi.RSSI_CHANGED to com.android.kineto.wifi$1@2b002198
I/Kineto::wifi(  247): onReceive Enter
V/Kineto::wifi(  247): RSSI_CHANGED_ACTION newRssi: -53
I/Kineto::wifi(  247): onReceive Exit
I/ActivityThread(  247): Dispatching broadcast android.net.wifi.RSSI_CHANGED to com.android.kineto.wifi$1@2b002198
I/ActivityThread(  247):   mRegistered=true mCurOrdered=false
I/ActivityThread(32043): Receiving broadcast android.net.wifi.RSSI_CHANGED to com.orange.widget.devicestatus.SystemHandler$2@2afce618
I/ActivityThread(32043): Enqueueing broadcast android.net.wifi.RSSI_CHANGED to com.orange.widget.devicestatus.SystemHandler$2@2afce618
I/ActivityThread(32043): Dispatching broadcast android.net.wifi.RSSI_CHANGED to com.orange.widget.devicestatus.SystemHandler$2@2afce618
I/ActivityThread(32043):   mRegistered=true mCurOrdered=false
E/ActivityThread( 3326): >>> handling: 113
I/ActivityThread( 3326): Finishing broadcast to ComponentInfo{com.orange.widget.rss/com.orange.widget.rss.RSSAppWidget}
D/ActivityThread( 3326): <<< done: 113
E/ActivityThread(32043): >>> handling: 113
E/ConnectivityService(  152):  getNetworkInfo : 0
D/WifiStateTracker(  152): WifiManager.calculateSignalLevel(-53, 4)=3
I/ActivityThread(32043): Finishing broadcast to ComponentInfo{com.orange.widget.devicestatus/com.orange.widget.devicestatus.DeviceStatusWidget}
D/ActivityThread(32043): <<< done: 113
D/installd(   95): DexInv: --- BEGIN '/data/app/com.grimpunch.games.HyperSpaceCroquet-1.apk' ---
D/dalvikvm( 5092): DexOpt: load 61ms, verify+opt 209ms
D/installd(   95): DexInv: --- END '/data/app/com.grimpunch.games.HyperSpaceCroquet-1.apk' (success) ---
D/PackageManager(  152):   Receivers: com.admob.android.ads.analytics.InstallReceiver
D/PackageManager(  152):   Activities: com.grimpunch.games.HyperSpaceCroquet.AdMobTestActivity com.admob.android.ads.AdMobActivity
I/ActivityManager(  152): Force stopping package com.grimpunch.games.HyperSpaceCroquet uid=10074
D/dalvikvm(  152): GC_CONCURRENT freed 2045K, 47% free 7831K/14599K, external 5718K/6177K, paused 6ms+15ms
I/ActivityThread(  152): Receiving broadcast android.intent.action.TIME_TICK to com.android.server.AlarmManagerService$ClockReceiver@2b1999e8
I/ActivityThread(  152): Enqueueing broadcast android.intent.action.TIME_TICK to com.android.server.AlarmManagerService$ClockReceiver@2b1999e8
I/ActivityThread(  152): Dispatching broadcast android.intent.action.TIME_TICK to com.android.server.AlarmManagerService$ClockReceiver@2b1999e8
I/ActivityThread(  152):   mRegistered=true mCurOrdered=true
D/AlarmManager(  152): scheduleTimeTickEvent calendar=Wed Aug 01 01:26:00 GMT 2012
D/AlarmManager(  152): calendar.getTimeInMillis()1343780760000
I/ActivityThread(  152): Finishing broadcast to com.android.server.AlarmManagerService$ClockReceiver@2b1999e8
I/ActivityThread(  152): Receiving broadcast android.intent.action.TIME_TICK to com.android.internal.policy.impl.KeyguardUpdateMonitor$3@2afe9f50
I/ActivityThread(  152): Enqueueing broadcast android.intent.action.TIME_TICK to com.android.internal.policy.impl.KeyguardUpdateMonitor$3@2afe9f50
D/KeyguardUpdateMonitor(  152): received broadcast android.intent.action.TIME_TICK
D/KeyguardUpdateMonitor(  152): handleTimeUpdate
I/ActivityThread(  152): Dispatching broadcast android.intent.action.TIME_TICK to com.android.internal.policy.impl.KeyguardUpdateMonitor$3@2afe9f50
I/ActivityThread(  152):   mRegistered=true mCurOrdered=true
I/ActivityThread(  152): Finishing broadcast to com.android.internal.policy.impl.KeyguardUpdateMonitor$3@2afe9f50
I/ActivityThread(  220): Receiving broadcast android.intent.action.TIME_TICK to com.android.systemui.statusbar.Clock$1@2aff73a8
I/ActivityThread(  220): Enqueueing broadcast android.intent.action.TIME_TICK to com.android.systemui.statusbar.Clock$1@2aff73a8
I/ActivityThread(  220): Dispatching broadcast android.intent.action.TIME_TICK to com.android.systemui.statusbar.Clock$1@2aff73a8
I/ActivityThread(  220):   mRegistered=true mCurOrdered=true
I/ActivityThread(  220): Finishing broadcast to com.android.systemui.statusbar.Clock$1@2aff73a8
I/ActivityThread(  220): Receiving broadcast android.intent.action.TIME_TICK to android.widget.DateTimeView$1@2b052418
I/ActivityThread(  220): Enqueueing broadcast android.intent.action.TIME_TICK to android.widget.DateTimeView$1@2b052418
I/ActivityThread(  220): Dispatching broadcast android.intent.action.TIME_TICK to android.widget.DateTimeView$1@2b052418
I/ActivityThread(  220):   mRegistered=true mCurOrdered=true
I/ActivityThread(  220): Finishing broadcast to android.widget.DateTimeView$1@2b052418
I/ActivityThread(  220): Receiving broadcast android.intent.action.TIME_TICK to android.widget.DateTimeView$1@2b148210
I/ActivityThread(  220): Enqueueing broadcast android.intent.action.TIME_TICK to android.widget.DateTimeView$1@2b148210
I/ActivityThread(  220): Dispatching broadcast android.intent.action.TIME_TICK to android.widget.DateTimeView$1@2b148210
I/ActivityThread(  220):   mRegistered=true mCurOrdered=true
I/ActivityThread(  220): Finishing broadcast to android.widget.DateTimeView$1@2b148210
V/PACW_WidgetReceiver( 4972): WidgetReceiver.onReceive(ACTION_TIME_TICK)
D/PACW_UpdateTimer( 4972): Tick RUN
I/ActivityThread(  220): Receiving broadcast android.intent.action.TIME_TICK to android.widget.DateTimeView$1@2b038c20
I/ActivityThread(  220): Enqueueing broadcast android.intent.action.TIME_TICK to android.widget.DateTimeView$1@2b038c20
I/ActivityThread(  220): Dispatching broadcast android.intent.action.TIME_TICK to android.widget.DateTimeView$1@2b038c20
I/ActivityThread(  220):   mRegistered=true mCurOrdered=true
I/ActivityThread(  220): Finishing broadcast to android.widget.DateTimeView$1@2b038c20
I/ActivityThread( 4972): Receiving broadcast android.intent.action.TIME_TICK to com.nasc.widget.pixelartclock.WidgetReceiver@2b062620
I/ActivityThread( 4972): Enqueueing broadcast android.intent.action.TIME_TICK to com.nasc.widget.pixelartclock.WidgetReceiver@2b062620
I/ActivityThread( 4972): Dispatching broadcast android.intent.action.TIME_TICK to com.nasc.widget.pixelartclock.WidgetReceiver@2b062620
I/ActivityThread( 4972):   mRegistered=true mCurOrdered=true
I/installd(   95): move /data/dalvik-cache/data@app@com.grimpunch.games.HyperSpaceCroquet-1.apk@classes.dex -> /data/dalvik-cache/data@app@com.grimpunch.games.HyperSpaceCroquet-1.apk@classes.dex
D/PackageManager(  152): New package installed in /data/app/com.grimpunch.games.HyperSpaceCroquet-1.apk
I/ActivityThread( 4972): Finishing broadcast to com.nasc.widget.pixelartclock.WidgetReceiver@2b062620
I/ActivityThread(  152): Receiving broadcast android.intent.action.PACKAGE_ADDED to android.content.pm.RegisteredServicesCache$1@2b0e8558
I/ActivityThread(  152): Enqueueing broadcast android.intent.action.PACKAGE_ADDED to android.content.pm.RegisteredServicesCache$1@2b0e8558
I/ActivityThread(  152): Receiving broadcast android.intent.action.PACKAGE_ADDED to android.content.pm.RegisteredServicesCache$1@2b1a5498
I/ActivityThread(  152): Enqueueing broadcast android.intent.action.PACKAGE_ADDED to android.content.pm.RegisteredServicesCache$1@2b1a5498
I/ActivityThread(  152): Receiving broadcast android.intent.action.PACKAGE_ADDED to com.android.server.DevicePolicyManagerService$MyPackageMonitor@2b1f4b00
I/ActivityThread(  152): Enqueueing broadcast android.intent.action.PACKAGE_ADDED to com.android.server.DevicePolicyManagerService$MyPackageMonitor@2b1f4b00
I/ActivityThread(  152): Receiving broadcast android.intent.action.PACKAGE_ADDED to com.android.server.InputMethodManagerService$MyPackageMonitor@2b21daf0
I/ActivityThread(  152): Enqueueing broadcast android.intent.action.PACKAGE_ADDED to com.android.server.InputMethodManagerService$MyPackageMonitor@2b21daf0
I/ActivityThread(  152): Receiving broadcast android.intent.action.PACKAGE_ADDED to com.android.server.AccessibilityManagerService$2@2b0c7d08
I/ActivityThread(  152): Enqueueing broadcast android.intent.action.PACKAGE_ADDED to com.android.server.AccessibilityManagerService$2@2b0c7d08
I/ActivityThread(  152): Receiving broadcast android.intent.action.PACKAGE_ADDED to com.android.server.LocationManagerService$2@2b210648
I/ActivityThread(  152): Enqueueing broadcast android.intent.action.PACKAGE_ADDED to com.android.server.LocationManagerService$2@2b210648
I/ActivityThread(  152): Receiving broadcast android.intent.action.PACKAGE_ADDED to com.android.server.WallpaperManagerService$MyPackageMonitor@2b236650
I/ActivityThread(  152): Enqueueing broadcast android.intent.action.PACKAGE_ADDED to com.android.server.WallpaperManagerService$MyPackageMonitor@2b236650
I/ActivityThread(  152): Receiving broadcast android.intent.action.PACKAGE_ADDED to com.android.server.usb.UsbDeviceSettingsManager$MyPackageMonitor@2b24f728
I/ActivityThread(  152): Enqueueing broadcast android.intent.action.PACKAGE_ADDED to com.android.server.usb.UsbDeviceSettingsManager$MyPackageMonitor@2b24f728
I/ActivityThread(  152): Receiving broadcast android.intent.action.PACKAGE_ADDED to com.android.server.BackupManagerService$1@2b26caf0
I/ActivityThread(  152): Enqueueing broadcast android.intent.action.PACKAGE_ADDED to com.android.server.BackupManagerService$1@2b26caf0
I/ActivityThread(  152): Receiving broadcast android.intent.action.PACKAGE_ADDED to com.android.server.RecognitionManagerService$MyPackageMonitor@2b277998
I/ActivityThread(  152): Enqueueing broadcast android.intent.action.PACKAGE_ADDED to com.android.server.RecognitionManagerService$MyPackageMonitor@2b277998
I/ActivityThread(  152): Receiving broadcast android.intent.action.PACKAGE_ADDED to com.android.server.AppWidgetService$1@2b2776d0
I/ActivityThread(  152): Enqueueing broadcast android.intent.action.PACKAGE_ADDED to com.android.server.AppWidgetService$1@2b2776d0
I/ActivityThread(  152): Receiving broadcast android.intent.action.PACKAGE_ADDED to android.server.search.SearchManagerService$MyPackageMonitor@2b2b8418
I/ActivityThread(  152): Enqueueing broadcast android.intent.action.PACKAGE_ADDED to android.server.search.SearchManagerService$MyPackageMonitor@2b2b8418
I/ActivityThread(  152): Dispatching broadcast android.intent.action.PACKAGE_ADDED to android.content.pm.RegisteredServicesCache$1@2b0e8558
I/ActivityThread(  152):   mRegistered=true mCurOrdered=false
I/ActivityThread( 1654): Receiving broadcast android.intent.action.PACKAGE_ADDED to com.android.launcher2.LauncherModel@2afdd060
I/ActivityThread( 1654): Enqueueing broadcast android.intent.action.PACKAGE_ADDED to com.android.launcher2.LauncherModel@2afdd060
I/ActivityThread( 4605): Receiving broadcast android.intent.action.PACKAGE_ADDED to com.android.settings.applications.ApplicationsState$PackageIntentReceiver@2b0143b0
I/ActivityThread( 4605): Enqueueing broadcast android.intent.action.PACKAGE_ADDED to com.android.settings.applications.ApplicationsState$PackageIntentReceiver@2b0143b0
I/ActivityThread( 4605): Dispatching broadcast android.intent.action.PACKAGE_ADDED to com.android.settings.applications.ApplicationsState$PackageIntentReceiver@2b0143b0
I/ActivityThread( 4605):   mRegistered=true mCurOrdered=false
I/ActivityThread( 4987): Receiving broadcast android.intent.action.PACKAGE_ADDED to com.android.providers.applications.ApplicationsProvider$MyPackageMonitor@2b022a08
I/Z7BroadcastReceiver( 3544): onReceive() start, intent: Intent { act=android.intent.action.PACKAGE_ADDED dat=package:com.grimpunch.games.HyperSpaceCroquet flg=0x10000000 cmp=com.orange.pushmail.Z7/.service.Z7BroadcastReceiver (has extras) }
E/ActivityThread( 3585): >>> handling: 113
I/ActivityThread( 3585): Finishing broadcast to ComponentInfo{com.google.android.apps.maps/com.google.android.location.internal.NlpPackageUpdateReceiver}
D/ActivityThread( 3585): <<< done: 113
I/ActivityThread( 4987): Enqueueing broadcast android.intent.action.PACKAGE_ADDED to com.android.providers.applications.ApplicationsProvider$MyPackageMonitor@2b022a08
I/ActivityThread( 4987): Dispatching broadcast android.intent.action.PACKAGE_ADDED to com.android.providers.applications.ApplicationsProvider$MyPackageMonitor@2b022a08
I/ActivityThread( 4987):   mRegistered=true mCurOrdered=false
E/ActivityThread( 3544): >>> handling: 113
I/ActivityThread( 3544): Finishing broadcast to ComponentInfo{com.orange.pushmail.Z7/com.orange.pushmail.Z7.service.Z7BroadcastReceiver}
D/ActivityThread( 3544): <<< done: 113
I/ActivityManager(  152): Start proc com.lookout:InstallReceiver for broadcast com.lookout/.security.InstallReceiver: pid=5093 uid=10034 gids={3003, 1007, 1015}
I/ActivityThread( 1654): Dispatching broadcast android.intent.action.PACKAGE_ADDED to com.android.launcher2.LauncherModel@2afdd060
I/ActivityThread( 1654):   mRegistered=true mCurOrdered=false
D/dalvikvm(  152): GC_EXPLICIT freed 590K, 49% free 7582K/14599K, external 5332K/6177K, paused 170ms
E/ActivityThread( 5093): >>> handling: 110
D/AndroidRuntime( 5083): Shutting down VM
D/dalvikvm( 5083): GC_CONCURRENT freed 103K, 70% free 308K/1024K, external 0K/0K, paused 1ms+1ms
D/jdwp    ( 5083): adbd disconnected
I/AndroidRuntime( 5083): NOTE: attach of thread 'Binder Thread #3' failed
I/ActivityThread(  152): Dispatching broadcast android.intent.action.PACKAGE_ADDED to android.content.pm.RegisteredServicesCache$1@2b1a5498
I/ActivityThread(  152):   mRegistered=true mCurOrdered=false
I/Process ( 5093): Sending signal. PID: 5093 SIG: 9
D/ActivityThread( 5093): <<< done: 110
E/ActivityThread( 5093): >>> handling: 113
I/ActivityThread(  152): Dispatching broadcast android.intent.action.PACKAGE_ADDED to com.android.server.DevicePolicyManagerService$MyPackageMonitor@2b1f4b00
I/ActivityThread(  152):   mRegistered=true mCurOrdered=false
I/ActivityThread(  152): Dispatching broadcast android.intent.action.PACKAGE_ADDED to com.android.server.InputMethodManagerService$MyPackageMonitor@2b21daf0
I/ActivityThread(  152):   mRegistered=true mCurOrdered=false
I/ActivityThread(  152): Dispatching broadcast android.intent.action.PACKAGE_ADDED to com.android.server.AccessibilityManagerService$2@2b0c7d08
I/ActivityThread(  152):   mRegistered=true mCurOrdered=false
I/ActivityThread(  152): Dispatching broadcast android.intent.action.PACKAGE_ADDED to com.android.server.LocationManagerService$2@2b210648
I/ActivityThread(  152):   mRegistered=true mCurOrdered=false
I/ActivityThread(  152): Dispatching broadcast android.intent.action.PACKAGE_ADDED to com.android.server.WallpaperManagerService$MyPackageMonitor@2b236650
I/ActivityThread(  152):   mRegistered=true mCurOrdered=false
I/ActivityThread(  152): Dispatching broadcast android.intent.action.PACKAGE_ADDED to com.android.server.usb.UsbDeviceSettingsManager$MyPackageMonitor@2b24f728
I/ActivityThread(  152):   mRegistered=true mCurOrdered=false
I/ActivityThread(  152): Dispatching broadcast android.intent.action.PACKAGE_ADDED to com.android.server.BackupManagerService$1@2b26caf0
I/ActivityThread(  152):   mRegistered=true mCurOrdered=false
I/ActivityThread(  152): Dispatching broadcast android.intent.action.PACKAGE_ADDED to com.android.server.RecognitionManagerService$MyPackageMonitor@2b277998
I/ActivityThread(  152):   mRegistered=true mCurOrdered=false
I/ActivityThread(  152): Dispatching broadcast android.intent.action.PACKAGE_ADDED to com.android.server.AppWidgetService$1@2b2776d0
I/ActivityThread(  152):   mRegistered=true mCurOrdered=false
I/ActivityManager(  152): Process com.lookout:InstallReceiver (pid 5093) has died.
D/GTalkService(  282): handlePackageInstalled: re-initialize providers
E/ActivityThread(  282): >>> handling: 113
I/ActivityThread(  282): Finishing broadcast to ComponentInfo{com.google.android.gsf/com.google.android.gsf.gtalkservice.service.GTalkService}
D/ActivityThread(  282): <<< done: 113
E/ActivityThread(  282): >>> handling: 115
D/GTalkService(  282): [RawStanzaProvidersMgr] ##### searchProvidersFromIntent
D/GTalkService(  282): [RawStanzaProvidersMgr] no intent receivers found
E/ActivityThread( 4880): >>> handling: 113
I/ActivityThread( 4880): Finishing broadcast to ComponentInfo{com.google.android.partnersetup/com.google.android.partnersetup.AppInstalledReceiver}
D/ActivityThread( 4880): <<< done: 113
D/ActivityThread(  282): <<< done: 115
E/ActivityThread( 4880): >>> handling: 113
I/ActivityThread( 4880): Finishing broadcast to ComponentInfo{com.google.android.partnersetup/com.google.android.partnersetup.RlzPingBroadcastReceiver}
D/ActivityThread( 4880): <<< done: 113
E/ActivityThread( 4887): >>> handling: 113
I/ActivityThread( 4887): Finishing broadcast to ComponentInfo{com.svox.pico/com.svox.pico.VoiceDataInstallerReceiver}
D/ActivityThread( 4887): <<< done: 113
I/ActivityThread(  152): Dispatching broadcast android.intent.action.PACKAGE_ADDED to android.server.search.SearchManagerService$MyPackageMonitor@2b2b8418
I/ActivityThread(  152):   mRegistered=true mCurOrdered=false
E/ActivityThread( 4894): >>> handling: 113
I/ActivityThread( 4894): Finishing broadcast to ComponentInfo{mobi.infolife.appbackup/mobi.infolife.common.app.AppMonitorBroadcastReceiver}
D/ActivityThread( 4894): <<< done: 113
E/ActivityThread( 4894): >>> handling: 113
I/ActivityThread( 4894): Finishing broadcast to ComponentInfo{mobi.infolife.appbackup/mobi.infolife.appbackup.AppInstalledBroadcastReceiver}
D/ActivityThread( 4894): <<< done: 113
D/AlarmManager(  152): +++Alarm set:type=0 com.android.vending  Trigger after:14998ms
E/ActivityThread( 4902): >>> handling: 113
I/ActivityThread( 4902): Finishing broadcast to ComponentInfo{com.android.vending/com.google.android.finsky.receivers.PackageMonitorReceiver$RegisteredReceiver}
D/ActivityThread( 4902): <<< done: 113
E/ActivityThread( 4942): >>> handling: 113
I/ActivityThread( 4942): Finishing broadcast to ComponentInfo{com.google.android.googlequicksearchbox/com.google.android.googlequicksearchbox.SourceUpdateReceiver}
D/ActivityThread( 4942): <<< done: 113
D/AndroidRuntime( 5107): 
D/AndroidRuntime( 5107): >>>>>> AndroidRuntime START com.android.internal.os.RuntimeInit <<<<<<
D/AndroidRuntime( 5107): CheckJNI is OFF
D/AndroidRuntime( 5107): Calling main entry com.android.commands.am.Am
I/ActivityManager(  152): Starting: Intent { act=android.intent.action.MAIN cat=[android.intent.category.LAUNCHER] flg=0x10200000 cmp=com.grimpunch.games.HyperSpaceCroquet/.AdMobTestActivity } from pid 5107
W/WindowManager(  152): updateFocusedWindowLocked newFocus=Window{2b36cee8 com.android.launcher/com.android.launcher2.Launcher paused=false} mode=3 mCurrentFocus = Window{2b36cee8 com.android.launcher/com.android.launcher2.Launcher paused=false}
E/ActivityThread( 1654): >>> handling: 101
D/AndroidRuntime( 5107): Shutting down VM
D/dalvikvm( 5107): GC_CONCURRENT freed 105K, 68% free 334K/1024K, external 0K/0K, paused 1ms+1ms
D/jdwp    ( 5107): adbd disconnected
I/ActivityManager(  152): Start proc com.grimpunch.games.HyperSpaceCroquet for activity com.grimpunch.games.HyperSpaceCroquet/.AdMobTestActivity: pid=5115 uid=10074 gids={3003, 1015}
D/dalvikvm( 5115): Late-enabling CheckJNI
I/AndroidRuntime( 5107): NOTE: attach of thread 'Binder Thread #3' failed
D/ActivityThread( 1654): <<< done: 101
D/dalvikvm(   90): GC_EXPLICIT freed 12K, 49% free 2744K/5379K, external 1625K/2137K, paused 119ms
I/WindowManager(  152): Setting rotation to 1, animFlags=1
I/ActivityManager(  152): Config changed: { scale=1.0 imsi=234/33 loc=en_GB touch=3 keys=1/1/2 nav=1/1 orien=2 layout=34 uiMode=17 seq=311}
D/PhoneApp(  241): updateProximitySensorMode: state = IDLE
E/ActivityThread( 4352): >>> handling: 118
D/ActivityThread( 4352): <<< done: 118
E/ActivityThread(  935): >>> handling: 118
D/ActivityThread(  935): <<< done: 118
E/ActivityThread(  282): >>> handling: 118
D/ActivityThread(  282): <<< done: 118
E/ActivityThread(  241): >>> handling: 118
E/ActivityThread(  152): >>> handling: 118
D/PhoneApp(  241): updateProximitySensorMode: lock already released.
D/ActivityThread(  241): <<< done: 118
E/ActivityThread( 4942): >>> handling: 118
D/ActivityThread( 4942): <<< done: 118
E/ActivityThread( 4902): >>> handling: 118
D/ActivityThread( 4902): <<< done: 118
E/ActivityThread( 4887): >>> handling: 118
D/ActivityThread( 4887): <<< done: 118
E/ActivityThread( 4880): >>> handling: 118
D/ActivityThread( 4880): <<< done: 118
E/ActivityThread( 4894): >>> handling: 118
D/ActivityThread( 4894): <<< done: 118
E/ActivityThread( 3544): >>> handling: 118
D/ActivityThread( 3544): <<< done: 118
E/ActivityThread( 3585): >>> handling: 118
D/ActivityThread( 3585): <<< done: 118
E/ActivityThread( 3326): >>> handling: 118
D/ActivityThread( 3326): <<< done: 118
E/ActivityThread(32043): >>> handling: 118
D/ActivityThread(32043): <<< done: 118
E/ActivityThread( 4831): >>> handling: 118
D/ActivityThread( 4831): <<< done: 118
E/ActivityThread( 5051): >>> handling: 118
D/ActivityThread( 5051): <<< done: 118
E/ActivityThread( 1654): >>> handling: 118
D/ActivityThread( 1654): <<< done: 118
E/ActivityThread( 4605): >>> handling: 118
D/ActivityThread( 4605): <<< done: 118
E/ActivityThread( 5044): >>> handling: 118
D/ActivityThread( 5044): <<< done: 118
E/ActivityThread( 5037): >>> handling: 118
D/ActivityThread( 5037): <<< done: 118
E/ActivityThread( 5001): >>> handling: 118
D/ActivityThread( 5001): <<< done: 118
E/ActivityThread( 4987): >>> handling: 118
D/ActivityThread( 4987): <<< done: 118
E/ActivityThread( 4972): >>> handling: 118
D/ActivityThread( 4972): <<< done: 118
E/ActivityThread( 4962): >>> handling: 118
D/ActivityThread( 4962): <<< done: 118
E/ActivityThread( 4949): >>> handling: 118
D/ActivityThread( 4949): <<< done: 118
E/ActivityThread( 4842): >>> handling: 118
D/ActivityThread( 4842): <<< done: 118
E/ActivityThread( 4785): >>> handling: 118
D/ActivityThread( 4785): <<< done: 118
E/ActivityThread(  220): >>> handling: 118
D/ActivityThread(  220): <<< done: 118
E/ActivityThread(  250): >>> handling: 118
D/ActivityThread(  250): <<< done: 118
E/ActivityThread(  247): >>> handling: 118
D/ActivityThread(  247): <<< done: 118
W/WindowManager(  152): Reached focused app: AppWindowToken{2b46e290 token=HistoryRecord{2b41d300 com.android.launcher/com.android.launcher2.Launcher}}
W/WindowManager(  152): Reached focused app: AppWindowToken{2b46e290 token=HistoryRecord{2b41d300 com.android.launcher/com.android.launcher2.Launcher}}
D/ActivityThread(  152): <<< done: 118
W/WindowManager(  152): updateFocusedWindowLocked newFocus=null mode=3 mCurrentFocus = Window{2b36cee8 com.android.launcher/com.android.launcher2.Launcher paused=false}
W/WindowManager(  152): updateFocusedWindowLocked newFocus=null mode=3 mCurrentFocus = null
W/WindowManager(  152): Reached focused app: AppWindowToken{2b46e290 token=HistoryRecord{2b41d300 com.android.launcher/com.android.launcher2.Launcher}}
W/WindowManager(  152): Reached focused app: AppWindowToken{2b46e290 token=HistoryRecord{2b41d300 com.android.launcher/com.android.launcher2.Launcher}}
W/WindowManager(  152): updateFocusedWindowLocked newFocus=null mode=2 mCurrentFocus = null
W/WindowManager(  152): updateFocusedWindowLocked newFocus=null mode=2 mCurrentFocus = null
W/WindowManager(  152): Window Window{2b36cee8 com.android.launcher/com.android.launcher2.Launcher paused=false} destroying surface Surface(name=com.android.launcher/com.android.launcher2.Launcher, identity=17413), session Session{2b70e030 uid 10021}
D/dalvikvm(   90): GC_EXPLICIT freed <1K, 49% free 2744K/5379K, external 1625K/2137K, paused 131ms
W/WindowManager(  152): Reached focused app: AppWindowToken{2b7ba478 token=HistoryRecord{2b318120 com.grimpunch.games.HyperSpaceCroquet/.AdMobTestActivity}}
W/WindowManager(  152): updateFocusedWindowLocked newFocus=null mode=0 mCurrentFocus = null
I/ActivityThread(  152): Receiving broadcast android.intent.action.CONFIGURATION_CHANGED to com.android.server.AppWidgetService$1@2b2776d0
I/ActivityThread(  152): Enqueueing broadcast android.intent.action.CONFIGURATION_CHANGED to com.android.server.AppWidgetService$1@2b2776d0
I/ActivityThread(  152): Dispatching broadcast android.intent.action.CONFIGURATION_CHANGED to com.android.server.AppWidgetService$1@2b2776d0
I/ActivityThread(  152):   mRegistered=true mCurOrdered=false
I/ActivityThread(  220): Receiving broadcast android.intent.action.CONFIGURATION_CHANGED to com.android.systemui.statusbar.StatusBarService$4@2afec480
I/ActivityThread(  220): Enqueueing broadcast android.intent.action.CONFIGURATION_CHANGED to com.android.systemui.statusbar.StatusBarService$4@2afec480
E/ActivityThread( 5115): >>> handling: 110
I/ActivityThread(  220): Receiving broadcast android.intent.action.CONFIGURATION_CHANGED to com.android.systemui.statusbar.Clock$1@2aff73a8
I/ActivityThread(  220): Enqueueing broadcast android.intent.action.CONFIGURATION_CHANGED to com.android.systemui.statusbar.Clock$1@2aff73a8
I/ActivityThread(  220): Receiving broadcast android.intent.action.CONFIGURATION_CHANGED to android.widget.DateTimeView$1@2b052418
I/ActivityThread(  220): Enqueueing broadcast android.intent.action.CONFIGURATION_CHANGED to android.widget.DateTimeView$1@2b052418
I/ActivityThread(  220): Receiving broadcast android.intent.action.CONFIGURATION_CHANGED to android.widget.DateTimeView$1@2b148210
I/ActivityThread(  220): Enqueueing broadcast android.intent.action.CONFIGURATION_CHANGED to android.widget.DateTimeView$1@2b148210
I/ActivityThread(  220): Receiving broadcast android.intent.action.CONFIGURATION_CHANGED to android.widget.DateTimeView$1@2b038c20
I/ActivityThread(  220): Enqueueing broadcast android.intent.action.CONFIGURATION_CHANGED to android.widget.DateTimeView$1@2b038c20
D/ActivityThread( 5115): <<< done: 110
E/ActivityThread( 5115): >>> handling: 118
D/AndroidRuntime( 5115): Shutting down VM
W/dalvikvm( 5115): threadid=1: thread exiting with uncaught exception (group=0x2aac4560)
I/ActivityThread(  220): Dispatching broadcast android.intent.action.CONFIGURATION_CHANGED to com.android.systemui.statusbar.StatusBarService$4@2afec480
I/ActivityThread(  220):   mRegistered=true mCurOrdered=false
D/wenxin  (  220): mBroadcastReceiver.action = android.intent.action.CONFIGURATION_CHANGED
I/ActivityThread(  220): Dispatching broadcast android.intent.action.CONFIGURATION_CHANGED to com.android.systemui.statusbar.Clock$1@2aff73a8
I/ActivityThread(  220):   mRegistered=true mCurOrdered=false
I/ActivityThread(  220): Dispatching broadcast android.intent.action.CONFIGURATION_CHANGED to android.widget.DateTimeView$1@2b052418
I/ActivityThread(  220):   mRegistered=true mCurOrdered=false
I/ActivityThread(  220): Dispatching broadcast android.intent.action.CONFIGURATION_CHANGED to android.widget.DateTimeView$1@2b148210
I/ActivityThread(  220):   mRegistered=true mCurOrdered=false
I/ActivityThread(  220): Dispatching broadcast android.intent.action.CONFIGURATION_CHANGED to android.widget.DateTimeView$1@2b038c20
I/ActivityThread(  220):   mRegistered=true mCurOrdered=false
D/ActivityThread( 5115): <<< done: 118
E/ActivityThread( 5115): >>> handling: 100
E/AndroidRuntime( 5115): FATAL EXCEPTION: main
E/AndroidRuntime( 5115): java.lang.RuntimeException: Unable to instantiate activity ComponentInfo{com.grimpunch.games.HyperSpaceCroquet/com.grimpunch.games.HyperSpaceCroquet.AdMobTestActivity}: java.lang.ClassNotFoundException: com.grimpunch.games.HyperSpaceCroquet.AdMobTestActivity in loader dalvik.system.PathClassLoader[/data/app/com.grimpunch.games.HyperSpaceCroquet-1.apk]
E/AndroidRuntime( 5115): 	at android.app.ActivityThread.performLaunchActivity(ActivityThread.java:1667)
E/AndroidRuntime( 5115): 	at android.app.ActivityThread.handleLaunchActivity(ActivityThread.java:1761)
E/AndroidRuntime( 5115): 	at android.app.ActivityThread.access$1500(ActivityThread.java:124)
E/AndroidRuntime( 5115): 	at android.app.ActivityThread$H.handleMessage(ActivityThread.java:947)
E/AndroidRuntime( 5115): 	at android.os.Handler.dispatchMessage(Handler.java:99)
E/AndroidRuntime( 5115): 	at android.os.Looper.loop(Looper.java:130)
E/AndroidRuntime( 5115): 	at android.app.ActivityThread.main(ActivityThread.java:3822)
E/AndroidRuntime( 5115): 	at java.lang.reflect.Method.invokeNative(Native Method)
E/AndroidRuntime( 5115): 	at java.lang.reflect.Method.invoke(Method.java:507)
E/AndroidRuntime( 5115): 	at com.android.internal.os.ZygoteInit$MethodAndArgsCaller.run(ZygoteInit.java:839)
E/AndroidRuntime( 5115): 	at com.android.internal.os.ZygoteInit.main(ZygoteInit.java:597)
E/AndroidRuntime( 5115): 	at dalvik.system.NativeStart.main(Native Method)
E/AndroidRuntime( 5115): Caused by: java.lang.ClassNotFoundException: com.grimpunch.games.HyperSpaceCroquet.AdMobTestActivity in loader dalvik.system.PathClassLoader[/data/app/com.grimpunch.games.HyperSpaceCroquet-1.apk]
E/AndroidRuntime( 5115): 	at dalvik.system.PathClassLoader.findClass(PathClassLoader.java:240)
E/AndroidRuntime( 5115): 	at java.lang.ClassLoader.loadClass(ClassLoader.java:551)
E/AndroidRuntime( 5115): 	at java.lang.ClassLoader.loadClass(ClassLoader.java:511)
E/AndroidRuntime( 5115): 	at android.app.Instrumentation.newActivity(Instrumentation.java:1021)
E/AndroidRuntime( 5115): 	at android.app.ActivityThread.performLaunchActivity(ActivityThread.java:1659)
E/AndroidRuntime( 5115): 	... 11 more
W/WindowManager(  152): Reached focused app: AppWindowToken{2b46e290 token=HistoryRecord{2b41d300 com.android.launcher/com.android.launcher2.Launcher}}
W/ActivityManager(  152):   Force finishing activity com.grimpunch.games.HyperSpaceCroquet/.AdMobTestActivity
W/WindowManager(  152): updateFocusedWindowLocked newFocus=null mode=0 mCurrentFocus = null
D/WifiStateTracker(  152): WifiManager.calculateSignalLevel(-53, 4)=3
D/dalvikvm(   90): GC_EXPLICIT freed <1K, 49% free 2744K/5379K, external 1625K/2137K, paused 191ms
W/WindowManager(  152): updateFocusedWindowLocked newFocus=Window{2b20a990 Sorry! paused=false} mode=1 mCurrentFocus = null
W/WindowManager(  152): updateFocusedWindowLocked newFocus=Window{2b20a990 Sorry! paused=false} mode=3 mCurrentFocus = Window{2b20a990 Sorry! paused=false}
W/ActivityManager(  152): Activity pause timeout for HistoryRecord{2b318120 com.grimpunch.games.HyperSpaceCroquet/.AdMobTestActivity}
I/WindowManager(  152): Setting rotation to 0, animFlags=1
W/WindowManager(  152): updateFocusedWindowLocked newFocus=Window{2b20a990 Sorry! paused=false} mode=3 mCurrentFocus = Window{2b20a990 Sorry! paused=false}
I/ActivityManager(  152): Config changed: { scale=1.0 imsi=234/33 loc=en_GB touch=3 keys=1/1/2 nav=1/1 orien=1 layout=34 uiMode=17 seq=312}
E/ActivityThread( 4352): >>> handling: 118
D/ActivityThread( 4352): <<< done: 118
E/ActivityThread(  935): >>> handling: 118
D/ActivityThread(  935): <<< done: 118
E/ActivityThread(  282): >>> handling: 118
D/ActivityThread(  282): <<< done: 118
D/PhoneApp(  241): updateProximitySensorMode: state = IDLE
D/PhoneApp(  241): updateProximitySensorMode: lock already released.
E/ActivityThread(  241): >>> handling: 118
D/ActivityThread(  241): <<< done: 118
E/ActivityThread( 4942): >>> handling: 118
D/ActivityThread( 4942): <<< done: 118
E/ActivityThread( 4902): >>> handling: 118
D/ActivityThread( 4902): <<< done: 118
E/ActivityThread( 4887): >>> handling: 118
D/ActivityThread( 4887): <<< done: 118
E/ActivityThread( 4880): >>> handling: 118
D/ActivityThread( 4880): <<< done: 118
E/ActivityThread( 4894): >>> handling: 118
D/ActivityThread( 4894): <<< done: 118
E/ActivityThread( 3544): >>> handling: 118
D/ActivityThread( 3544): <<< done: 118
E/ActivityThread( 3585): >>> handling: 118
D/ActivityThread( 3585): <<< done: 118
E/ActivityThread( 3326): >>> handling: 118
D/ActivityThread( 3326): <<< done: 118
E/ActivityThread(32043): >>> handling: 118
D/ActivityThread(32043): <<< done: 118
E/ActivityThread( 4831): >>> handling: 118
D/ActivityThread( 4831): <<< done: 118
E/ActivityThread( 5051): >>> handling: 118
D/ActivityThread( 5051): <<< done: 118
E/ActivityThread( 4605): >>> handling: 118
D/ActivityThread( 4605): <<< done: 118
E/ActivityThread( 5044): >>> handling: 118
D/ActivityThread( 5044): <<< done: 118
E/ActivityThread( 5037): >>> handling: 118
D/ActivityThread( 5037): <<< done: 118
E/ActivityThread( 5001): >>> handling: 118
D/ActivityThread( 5001): <<< done: 118
E/ActivityThread( 4987): >>> handling: 118
D/ActivityThread( 4987): <<< done: 118
E/ActivityThread( 4972): >>> handling: 118
D/ActivityThread( 4972): <<< done: 118
E/ActivityThread( 4962): >>> handling: 118
D/ActivityThread( 4962): <<< done: 118
E/ActivityThread( 4949): >>> handling: 118
D/ActivityThread( 4949): <<< done: 118
E/ActivityThread( 4842): >>> handling: 118
D/ActivityThread( 4842): <<< done: 118
E/ActivityThread( 4785): >>> handling: 118
D/ActivityThread( 4785): <<< done: 118
E/ActivityThread(  220): >>> handling: 118
D/ActivityThread(  220): <<< done: 118
E/ActivityThread(  250): >>> handling: 118
D/ActivityThread(  250): <<< done: 118
E/ActivityThread(  247): >>> handling: 118
D/ActivityThread(  247): <<< done: 118
W/WindowManager(  152): updateFocusedWindowLocked newFocus=Window{2b20a990 Sorry! paused=false} mode=2 mCurrentFocus = Window{2b20a990 Sorry! paused=false}
W/WindowManager(  152): updateFocusedWindowLocked newFocus=Window{2b20a990 Sorry! paused=false} mode=2 mCurrentFocus = Window{2b20a990 Sorry! paused=false}
I/ActivityThread(  152): Receiving broadcast android.intent.action.CONFIGURATION_CHANGED to com.android.server.AppWidgetService$1@2b2776d0
I/ActivityThread(  152): Enqueueing broadcast android.intent.action.CONFIGURATION_CHANGED to com.android.server.AppWidgetService$1@2b2776d0
I/ActivityThread(  220): Receiving broadcast android.intent.action.CONFIGURATION_CHANGED to com.android.systemui.statusbar.StatusBarService$4@2afec480
I/ActivityThread(  220): Enqueueing broadcast android.intent.action.CONFIGURATION_CHANGED to com.android.systemui.statusbar.StatusBarService$4@2afec480
I/ActivityThread(  220): Receiving broadcast android.intent.action.CONFIGURATION_CHANGED to com.android.systemui.statusbar.Clock$1@2aff73a8
I/ActivityThread(  220): Enqueueing broadcast android.intent.action.CONFIGURATION_CHANGED to com.android.systemui.statusbar.Clock$1@2aff73a8
I/ActivityThread(  220): Receiving broadcast android.intent.action.CONFIGURATION_CHANGED to android.widget.DateTimeView$1@2b052418
I/ActivityThread(  220): Enqueueing broadcast android.intent.action.CONFIGURATION_CHANGED to android.widget.DateTimeView$1@2b052418
I/ActivityThread(  220): Receiving broadcast android.intent.action.CONFIGURATION_CHANGED to android.widget.DateTimeView$1@2b148210
I/ActivityThread(  220): Enqueueing broadcast android.intent.action.CONFIGURATION_CHANGED to android.widget.DateTimeView$1@2b148210
I/ActivityThread(  220): Receiving broadcast android.intent.action.CONFIGURATION_CHANGED to android.widget.DateTimeView$1@2b038c20
I/ActivityThread(  220): Enqueueing broadcast android.intent.action.CONFIGURATION_CHANGED to android.widget.DateTimeView$1@2b038c20
I/ActivityThread(  220): Dispatching broadcast android.intent.action.CONFIGURATION_CHANGED to com.android.systemui.statusbar.StatusBarService$4@2afec480
I/ActivityThread(  220):   mRegistered=true mCurOrdered=false
D/wenxin  (  220): mBroadcastReceiver.action = android.intent.action.CONFIGURATION_CHANGED
I/ActivityThread(  220): Dispatching broadcast android.intent.action.CONFIGURATION_CHANGED to com.android.systemui.statusbar.Clock$1@2aff73a8
I/ActivityThread(  220):   mRegistered=true mCurOrdered=false
E/ActivityThread(  152): >>> handling: 118
I/ActivityThread(  220): Dispatching broadcast android.intent.action.CONFIGURATION_CHANGED to android.widget.DateTimeView$1@2b052418
I/ActivityThread(  220):   mRegistered=true mCurOrdered=false
I/ActivityThread(  220): Dispatching broadcast android.intent.action.CONFIGURATION_CHANGED to android.widget.DateTimeView$1@2b148210
I/ActivityThread(  220):   mRegistered=true mCurOrdered=false
I/ActivityThread(  220): Dispatching broadcast android.intent.action.CONFIGURATION_CHANGED to android.widget.DateTimeView$1@2b038c20
I/ActivityThread(  220):   mRegistered=true mCurOrdered=false
D/ActivityThread(  152): <<< done: 118
I/ActivityThread(  152): Dispatching broadcast android.intent.action.CONFIGURATION_CHANGED to com.android.server.AppWidgetService$1@2b2776d0
I/ActivityThread(  152):   mRegistered=true mCurOrdered=false
E/ActivityThread( 1654): >>> handling: 118
D/ActivityThread( 1654): <<< done: 118
E/ActivityThread( 1654): >>> handling: 125
D/ActivityThread( 1654): <<< done: 125
E/ActivityThread( 1654): >>> handling: 107
D/ActivityThread( 1654): <<< done: 107
I/ActivityManager(  152): No longer want android.process.media (pid 4949): hidden #16
D/dalvikvm(  152): GC_EXPLICIT freed 305K, 48% free 7644K/14599K, external 5727K/6177K, paused 319ms
D/WifiStateTracker(  152): WifiManager.calculateSignalLevel(-49, 4)=3
D/WifiStateTracker(  152): WifiManager.calculateSignalLevel(-50, 4)=3
I/Process ( 5115): Sending signal. PID: 5115 SIG: 9
W/WindowManager(  152): updateFocusedWindowLocked newFocus=Window{2b36cee8 com.android.launcher/com.android.launcher2.Launcher paused=false} mode=3 mCurrentFocus = Window{2b20a990 Sorry! paused=false}
I/ActivityManager(  152): Process com.grimpunch.games.HyperSpaceCroquet (pid 5115) has died.
W/InputManagerService(  152): Window already focused, ignoring focus gain of: com.android.internal.view.IInputMethodClient$Stub$Proxy@2b5d4c58
W/WindowManager(  152): Window Window{2b20a990 Sorry! paused=false} destroying surface Surface(name=Sorry!, identity=17415), session Session{2b271480 uid 1000}
E/ActivityThread( 4880): >>> handling: 120
D/ActivityThread( 4880): <<< done: 120
D/dalvikvm( 4880): GC_EXPLICIT freed 12K, 49% free 2753K/5379K, external 1625K/2137K, paused 38ms
D/WifiStateTracker(  152): WifiManager.calculateSignalLevel(-50, 4)=3
E/ActivityThread( 4887): >>> handling: 120
D/ActivityThread( 4887): <<< done: 120
W/ActivityManager(  152): Activity destroy timeout for HistoryRecord{2b318120 com.grimpunch.games.HyperSpaceCroquet/.AdMobTestActivity}
W/WindowManager(  152): Window Window{2afe4c30 Starting com.grimpunch.games.HyperSpaceCroquet paused=false} destroying surface Surface(name=Starting com.grimpunch.games.HyperSpaceCroquet, identity=17414), session Session{2b271480 uid 1000}
W/WindowManager(  152): updateFocusedWindowLocked newFocus=Window{2b36cee8 com.android.launcher/com.android.launcher2.Launcher paused=false} mode=0 mCurrentFocus = Window{2b36cee8 com.android.launcher/com.android.launcher2.Launcher paused=false}
D/dalvikvm( 4887): GC_EXPLICIT freed 7K, 50% free 2743K/5379K, external 1625K/2137K, paused 165ms
D/WifiStateTracker(  152): WifiManager.calculateSignalLevel(-48, 4)=3
W/AlarmManager(  152): +++Alarm  wakeup phone ,pkg=com.android.vending
E/ActivityThread( 4902): >>> handling: 114
D/ActivityThread( 4902): <<< done: 114
E/ActivityThread( 4902): >>> handling: 115
D/ActivityThread( 4902): <<< done: 115
W/AlarmManager(  152): +++alarm onSendFinished ,action=null
D/Finsky  ( 4902): [1] 5.onFinished: Installation state replication succeeded.
E/ActivityThread( 4902): >>> handling: 116
D/ActivityThread( 4902): <<< done: 116
E/ActivityThread( 4902): >>> handling: 119
D/ActivityThread( 4902): <<< done: 119
D/WifiStateTracker(  152): WifiManager.calculateSignalLevel(-49, 4)=3
I/installd(   95): free_cache(17039360) avail 10076160
E/installd(   95): cannot open /data/secure/data/: No such file or directory
E/installd(   95): Couldn't openat cache: No such file or directory
E/installd(   95): Couldn't openat cache: No such file or directory
E/installd(   95): Couldn't openat cache: No such file or directory
E/installd(   95): Couldn't openat cache: No such file or directory
E/ActivityThread( 4894): >>> handling: 120
D/ActivityThread( 4894): <<< done: 120
D/dalvikvm( 4894): GC_EXPLICIT freed 48K, 49% free 2760K/5379K, external 1676K/2137K, paused 172ms
E/installd(   95): Couldn't openat cache: No such file or directory
E/installd(   95): Couldn't openat cache: No such file or directory
E/installd(   95): Couldn't openat cache: No such file or directory
