E/installd(   95): Couldn't openat cache: No such file or directory
E/installd(   95): Couldn't openat cache: No such file or directory
E/installd(   95): Couldn't openat cache: No such file or directory
E/installd(   95): Couldn't openat cache: No such file or directory
E/installd(   95): Couldn't openat cache: No such file or directory
E/installd(   95): Couldn't openat cache: No such file or directory
E/installd(   95): Couldn't openat cache: No such file or directory
E/installd(   95): Couldn't openat cache: No such file or directory
E/installd(   95): Couldn't openat cache: No such file or directory
E/installd(   95): Couldn't openat cache: No such file or directory
E/installd(   95): Couldn't openat cache: No such file or directory
E/installd(   95): Couldn't openat cache: No such file or directory
E/installd(   95): Couldn't openat cache: No such file or directory
E/installd(   95): Couldn't openat cache: No such file or directory
E/installd(   95): Couldn't openat cache: No such file or directory
E/installd(   95): Couldn't openat cache: No such file or directory
E/installd(   95): Couldn't openat cache: No such file or directory
E/installd(   95): Couldn't openat cache: No such file or directory
E/installd(   95): Couldn't openat cache: No such file or directory
E/installd(   95): Couldn't openat cache: No such file or directory
E/installd(   95): Couldn't openat cache: No such file or directory
E/installd(   95): Couldn't openat cache: No such file or directory
E/installd(   95): Couldn't openat cache: No such file or directory
E/installd(   95): Couldn't openat cache: No such file or directory
E/installd(   95): Couldn't openat cache: No such file or directory
E/installd(   95): Couldn't openat cache: No such file or directory
E/installd(   95): Couldn't openat cache: No such file or directory
E/installd(   95): Couldn't openat cache: No such file or directory
E/installd(   95): Couldn't openat cache: No such file or directory
E/installd(   95): Couldn't openat cache: No such file or directory
E/installd(   95): Couldn't openat cache: No such file or directory
E/installd(   95): Couldn't openat cache: No such file or directory
E/installd(   95): Couldn't openat cache: No such file or directory
E/installd(   95): Couldn't openat cache: No such file or directory
E/installd(   95): Couldn't openat cache: No such file or directory
E/installd(   95): Couldn't openat cache: No such file or directory
E/installd(   95): Couldn't openat cache: No such file or directory
E/installd(   95): Couldn't openat cache: No such file or directory
E/installd(   95): Couldn't openat cache: No such file or directory
E/installd(   95): Couldn't openat cache: No such file or directory
E/installd(   95): Couldn't openat cache: No such file or directory
E/installd(   95): Couldn't openat cache: No such file or directory
E/installd(   95): Couldn't openat cache: No such file or directory
E/installd(   95): Couldn't openat cache: No such file or directory
E/installd(   95): Couldn't openat cache: No such file or directory
E/installd(   95): Couldn't openat cache: No such file or directory
E/installd(   95): Couldn't openat cache: No such file or directory
E/installd(   95): Couldn't openat cache: No such file or directory
E/installd(   95): Couldn't openat cache: No such file or directory
E/installd(   95): Couldn't openat cache: No such file or directory
E/installd(   95): Couldn't openat cache: No such file or directory
E/installd(   95): Couldn't openat cache: No such file or directory
E/installd(   95): Couldn't openat cache: No such file or directory
E/installd(   95): Couldn't openat cache: No such file or directory
E/installd(   95): Couldn't openat cache: No such file or directory
E/installd(   95): Couldn't openat cache: No such file or directory
E/installd(   95): Couldn't openat cache: No such file or directory
E/installd(   95): Couldn't openat cache: No such file or directory
E/installd(   95): Couldn't openat cache: No such file or directory
E/installd(   95): Couldn't openat cache: No such file or directory
E/installd(   95): Couldn't openat cache: No such file or directory
E/installd(   95): Couldn't openat cache: No such file or directory
E/installd(   95): Couldn't openat cache: No such file or directory
E/installd(   95): Couldn't openat cache: No such file or directory
E/installd(   95): Couldn't openat cache: No such file or directory
E/installd(   95): Couldn't openat cache: No such file or directory
E/installd(   95): Couldn't openat cache: No such file or directory
E/installd(   95): Couldn't openat cache: No such file or directory
E/installd(   95): Couldn't openat cache: No such file or directory
E/installd(   95): Couldn't openat cache: No such file or directory
E/installd(   95): Couldn't openat cache: No such file or directory
E/installd(   95): Couldn't openat cache: No such file or directory
E/installd(   95): Couldn't openat cache: No such file or directory
E/installd(   95): Couldn't openat cache: No such file or directory
E/installd(   95): Couldn't openat cache: No such file or directory
E/installd(   95): Couldn't openat cache: No such file or directory
E/installd(   95): Couldn't openat cache: No such file or directory
E/installd(   95): Couldn't openat cache: No such file or directory
E/installd(   95): Couldn't openat cache: No such file or directory
E/installd(   95): Couldn't openat cache: No such file or directory
E/installd(   95): Couldn't openat cache: No such file or directory
E/installd(   95): Couldn't openat cache: No such file or directory
E/installd(   95): Couldn't openat cache: No such file or directory
E/installd(   95): Couldn't openat cache: No such file or directory
E/installd(   95): Couldn't openat cache: No such file or directory
E/installd(   95): Couldn't openat cache: No such file or directory
E/installd(   95): Couldn't openat cache: No such file or directory
E/installd(   95): Couldn't openat cache: No such file or directory
E/installd(   95): Couldn't openat cache: No such file or directory
E/installd(   95): Couldn't openat cache: No such file or directory
E/installd(   95): Couldn't openat cache: No such file or directory
W/PackageManager(  152): Couldn't clear application caches
I/DeviceStorageMonitorService(  152): Running low on memory. Sending notification
I/ActivityThread(  152): Receiving broadcast android.intent.action.DEVICE_STORAGE_LOW to android.content.SyncManager$1@2b0b5e58
I/ActivityThread(  152): Enqueueing broadcast android.intent.action.DEVICE_STORAGE_LOW to android.content.SyncManager$1@2b0b5e58
I/ActivityThread(  152): Receiving broadcast android.intent.action.DEVICE_STORAGE_LOW to com.android.server.DropBoxManagerService$1@2b233fd0
I/ActivityThread(  152): Enqueueing broadcast android.intent.action.DEVICE_STORAGE_LOW to com.android.server.DropBoxManagerService$1@2b233fd0
I/ActivityThread(  282): Receiving broadcast android.intent.action.DEVICE_STORAGE_LOW to com.google.android.gsf.gtalkservice.service.GTalkService$AccountsAndSettingsMonitor@2b062028
I/ActivityThread(  282): Enqueueing broadcast android.intent.action.DEVICE_STORAGE_LOW to com.google.android.gsf.gtalkservice.service.GTalkService$AccountsAndSettingsMonitor@2b062028
I/ActivityThread(  282): Dispatching broadcast android.intent.action.DEVICE_STORAGE_LOW to com.google.android.gsf.gtalkservice.service.GTalkService$AccountsAndSettingsMonitor@2b062028
I/ActivityThread(  282):   mRegistered=true mCurOrdered=false
I/ActivityThread(  152): Dispatching broadcast android.intent.action.DEVICE_STORAGE_LOW to android.content.SyncManager$1@2b0b5e58
I/ActivityThread(  152):   mRegistered=true mCurOrdered=false
I/ActivityThread(  152): Dispatching broadcast android.intent.action.DEVICE_STORAGE_LOW to com.android.server.DropBoxManagerService$1@2b233fd0
I/ActivityThread(  152):   mRegistered=true mCurOrdered=false
I/ActivityManager(  152): Start proc com.android.email for broadcast com.android.email/.service.EmailBroadcastReceiver: pid=5126 uid=10010 gids={3003, 1015}
D/dalvikvm( 5126): Late-enabling CheckJNI
E/ActivityThread(  282): >>> handling: 114
D/ActivityThread(  282): <<< done: 114
E/ActivityThread(  282): >>> handling: 121
D/ActivityThread(  282): <<< done: 121
E/ActivityThread(  282): >>> handling: 122
D/ActivityThread(  282): <<< done: 122
E/ActivityThread(  282): >>> handling: 116
D/ActivityThread(  282): <<< done: 116
E/ActivityThread(  282): >>> handling: 119
D/ActivityThread(  282): <<< done: 119
D/GTalkService(  282): AcctMonitor.auditGTalkConnections: not starting any connections since shouldTryToConnect is false
D/GTalkService(  282): AcctMonitor.auditGTalkConnections: stopping connection for christheromguy@googlemail.com, accountDoesntExist is false
D/GTalkService/c(  282): [GTalkConnection.1451] ### logout ###
E/ActivityThread( 5126): >>> handling: 110
W/dalvikvm( 5126): Refusing to reopen boot DEX '/system/framework/OmaDrmClient.jar'
I/GTalkService(  282): [GTalkConnection.25] connectionClosed: connId=4693025, error=NO ERROR
D/ConnectivityService(  152): reportNetworkCondition(1, 0)
D/ConnectivityService(  152): Inet connectivity change, net=1, condition=0,mActiveDefaultNetwork=1
D/ConnectivityService(  152): starting a change hold
I/ActivityThread( 5126): Pub com.zte.zmail.security.provider: com.zte.zmail.security.provider.SecurityProvider
I/ActivityThread( 5126): Pub com.android.email.searchsuggestionprovider: com.android.email.provider.SearchSuggestionProvider
I/ActivityThread( 5126): Pub com.android.exchange.provider: com.android.exchange.provider.ExchangeProvider
I/ActivityThread( 5126): Pub com.android.email.provider: com.android.email.provider.EmailProvider
D/GTalkService(  282): [RosterListenerImpl] onLoggedOut
D/Smack   (  282): [XMPPConn] close connection, notifyClosed=false
I/ActivityThread( 5126): Pub com.android.email.attachmentprovider: com.android.email.provider.AttachmentProvider
W/Smack/Packet(  282): notify conn break (IOEx), close connection
D/Smack   (  282): [XMPPConn] close: socket already closed, bail
D/GTalkService(  282): [RosterListenerImpl] removeTalkPresence for account=1, deleted=0
V/ContactsProvider( 4987): onBeginTransaction
I/ContactsProvider( 4987): updateInTransaction: content://com.android.contacts/status_updates
V/ContactsProvider( 4987): flushTransactionChanges
V/ContactsProvider( 4987): beforeTransactionCommit
V/ContactsProvider( 4987): flushTransactionChanges
D/ActivityThread( 5126): <<< done: 110
E/ActivityThread( 5126): >>> handling: 113
I/ActivityThread( 5126): Finishing broadcast to ComponentInfo{com.android.email/com.android.email.service.EmailBroadcastReceiver}
D/ActivityThread( 5126): <<< done: 113
E/ActivityThread( 5126): >>> handling: 114
D/ActivityThread( 5126): <<< done: 114
E/ActivityThread( 5126): >>> handling: 115
D/ActivityThread( 5126): <<< done: 115
E/ActivityThread(  282): >>> handling: 131
D/ActivityThread(  282): <<< done: 131
D/GTalkService(  282): [ContactPresence] removeAllContactsPresence: account=1, set null presence for 0
I/GTalkService(  282): [GTalkConnection.25] (WORKER THREAD) update account status
D/Email   ( 5126): BOOT_COMPLETED Cancel service
W/ActivityManager(  152): Unable to start service Intent { act=com.android.email.intent.action.MAIL_SERVICE_CANCEL cmp=com.android.email/.service.MailService }: not found
E/ActivityThread( 5126): >>> handling: 116
D/ActivityThread( 5126): <<< done: 116
E/ActivityThread( 5126): >>> handling: 119
D/ActivityThread( 5126): <<< done: 119
V/ContactsProvider( 4987): onBeginTransaction
I/ContactsProvider( 4987): updateInTransaction: content://com.android.contacts/status_updates
V/ContactsProvider( 4987): flushTransactionChanges
V/ContactsProvider( 4987): beforeTransactionCommit
V/ContactsProvider( 4987): flushTransactionChanges
I/GTalkService(  282): [GTalkConnection.25] (WORKER THREAD) update account status - done, took 74 ms
E/ActivityThread(  282): >>> handling: 131
D/ActivityThread(  282): <<< done: 131
D/WifiStateTracker(  152): WifiManager.calculateSignalLevel(-50, 4)=3
D/ConnectivityService(  152): Inet hold end, net=1, condition =0, published condition =100
I/ActivityThread(  220): Receiving broadcast android.net.conn.INET_CONDITION_ACTION to com.android.systemui.statusbar.policy.StatusBarPolicy$1@2b005578
I/ActivityThread(  220): Enqueueing broadcast android.net.conn.INET_CONDITION_ACTION to com.android.systemui.statusbar.policy.StatusBarPolicy$1@2b005578
I/ActivityThread(  220): Dispatching broadcast android.net.conn.INET_CONDITION_ACTION to com.android.systemui.statusbar.policy.StatusBarPolicy$1@2b005578
I/ActivityThread(  220):   mRegistered=true mCurOrdered=false
D/WifiStateTracker(  152): WifiManager.calculateSignalLevel(-53, 4)=3
D/WifiStateTracker(  152): WifiManager.calculateSignalLevel(-50, 4)=3
E/ActivityThread( 4902): >>> handling: 120
D/ActivityThread( 4902): <<< done: 120
D/dalvikvm( 4902): GC_EXPLICIT freed 503K, 48% free 3568K/6855K, external 1625K/2137K, paused 139ms
D/WifiStateTracker(  152): WifiManager.calculateSignalLevel(-50, 4)=3
E/ActivityThread( 5126): >>> handling: 132
D/ActivityThread( 5126): <<< done: 132
D/WifiStateTracker(  152): WifiManager.calculateSignalLevel(-50, 4)=3
E/ActivityThread( 4942): >>> handling: 120
D/ActivityThread( 4942): <<< done: 120
D/dalvikvm( 4942): GC_EXPLICIT freed 23K, 48% free 2837K/5447K, external 1625K/2137K, paused 102ms
D/WifiStateTracker(  152): WifiManager.calculateSignalLevel(-51, 4)=3
E/ActivityThread( 3585): >>> handling: 120
D/ActivityThread( 3585): <<< done: 120
D/dalvikvm( 3585): GC_EXPLICIT freed 7K, 41% free 4169K/6983K, external 1625K/2137K, paused 173ms
D/WifiStateTracker(  152): WifiManager.calculateSignalLevel(-50, 4)=3
D/WifiStateTracker(  152): WifiManager.calculateSignalLevel(-50, 4)=3
E/ActivityThread( 3326): >>> handling: 120
D/ActivityThread( 3326): <<< done: 120
D/dalvikvm( 3326): GC_EXPLICIT freed 16K, 49% free 2774K/5379K, external 1625K/2137K, paused 108ms
D/WifiStateTracker(  152): WifiManager.calculateSignalLevel(-50, 4)=3
E/ActivityThread( 3544): >>> handling: 120
D/ActivityThread( 3544): <<< done: 120
D/WifiStateTracker(  152): WifiManager.calculateSignalLevel(-50, 4)=3
D/dalvikvm( 3544): GC_EXPLICIT freed 8K, 47% free 2991K/5575K, external 1625K/2137K, paused 122ms
D/WifiStateTracker(  152): WifiManager.calculateSignalLevel(-51, 4)=3
E/ActivityThread(32043): >>> handling: 120
D/ActivityThread(32043): <<< done: 120
D/dalvikvm(32043): GC_EXPLICIT freed 50K, 52% free 2799K/5767K, external 1625K/2137K, paused 109ms
D/WifiStateTracker(  152): WifiManager.calculateSignalLevel(-50, 4)=3
D/WifiStateTracker(  152): WifiManager.calculateSignalLevel(-50, 4)=3
D/WifiStateTracker(  152): WifiManager.calculateSignalLevel(-49, 4)=3
I/ActivityThread(  152): Receiving broadcast android.intent.action.TIME_TICK to com.android.server.AlarmManagerService$ClockReceiver@2b1999e8
I/ActivityThread(  152): Enqueueing broadcast android.intent.action.TIME_TICK to com.android.server.AlarmManagerService$ClockReceiver@2b1999e8
I/ActivityThread(  152): Dispatching broadcast android.intent.action.TIME_TICK to com.android.server.AlarmManagerService$ClockReceiver@2b1999e8
I/ActivityThread(  152):   mRegistered=true mCurOrdered=true
D/AlarmManager(  152): scheduleTimeTickEvent calendar=Wed Aug 01 01:27:00 GMT 2012
D/AlarmManager(  152): calendar.getTimeInMillis()1343780820000
I/ActivityThread(  152): Finishing broadcast to com.android.server.AlarmManagerService$ClockReceiver@2b1999e8
I/ActivityThread(  152): Receiving broadcast android.intent.action.TIME_TICK to com.android.internal.policy.impl.KeyguardUpdateMonitor$3@2afe9f50
I/ActivityThread(  152): Enqueueing broadcast android.intent.action.TIME_TICK to com.android.internal.policy.impl.KeyguardUpdateMonitor$3@2afe9f50
D/KeyguardUpdateMonitor(  152): received broadcast android.intent.action.TIME_TICK
D/KeyguardUpdateMonitor(  152): handleTimeUpdate
I/ActivityThread(  152): Dispatching broadcast android.intent.action.TIME_TICK to com.android.internal.policy.impl.KeyguardUpdateMonitor$3@2afe9f50
I/ActivityThread(  152):   mRegistered=true mCurOrdered=true
I/ActivityThread(  152): Finishing broadcast to com.android.internal.policy.impl.KeyguardUpdateMonitor$3@2afe9f50
I/ActivityThread(  220): Receiving broadcast android.intent.action.TIME_TICK to com.android.systemui.statusbar.Clock$1@2aff73a8
I/ActivityThread(  220): Enqueueing broadcast android.intent.action.TIME_TICK to com.android.systemui.statusbar.Clock$1@2aff73a8
I/ActivityThread(  220): Dispatching broadcast android.intent.action.TIME_TICK to com.android.systemui.statusbar.Clock$1@2aff73a8
I/ActivityThread(  220):   mRegistered=true mCurOrdered=true
I/ActivityThread(  220): Finishing broadcast to com.android.systemui.statusbar.Clock$1@2aff73a8
I/ActivityThread(  220): Receiving broadcast android.intent.action.TIME_TICK to android.widget.DateTimeView$1@2b052418
I/ActivityThread(  220): Enqueueing broadcast android.intent.action.TIME_TICK to android.widget.DateTimeView$1@2b052418
I/ActivityThread(  220): Dispatching broadcast android.intent.action.TIME_TICK to android.widget.DateTimeView$1@2b052418
I/ActivityThread(  220):   mRegistered=true mCurOrdered=true
I/ActivityThread(  220): Finishing broadcast to android.widget.DateTimeView$1@2b052418
I/ActivityThread(  220): Receiving broadcast android.intent.action.TIME_TICK to android.widget.DateTimeView$1@2b148210
I/ActivityThread(  220): Enqueueing broadcast android.intent.action.TIME_TICK to android.widget.DateTimeView$1@2b148210
I/ActivityThread(  220): Dispatching broadcast android.intent.action.TIME_TICK to android.widget.DateTimeView$1@2b148210
I/ActivityThread(  220):   mRegistered=true mCurOrdered=true
I/ActivityThread(  220): Finishing broadcast to android.widget.DateTimeView$1@2b148210
I/ActivityThread(  220): Receiving broadcast android.intent.action.TIME_TICK to android.widget.DateTimeView$1@2b038c20
I/ActivityThread(  220): Enqueueing broadcast android.intent.action.TIME_TICK to android.widget.DateTimeView$1@2b038c20
I/ActivityThread(  220): Dispatching broadcast android.intent.action.TIME_TICK to android.widget.DateTimeView$1@2b038c20
I/ActivityThread(  220):   mRegistered=true mCurOrdered=true
I/ActivityThread(  220): Finishing broadcast to android.widget.DateTimeView$1@2b038c20
V/PACW_WidgetReceiver( 4972): WidgetReceiver.onReceive(ACTION_TIME_TICK)
D/PACW_UpdateTimer( 4972): Tick RUN
I/ActivityThread( 4972): Receiving broadcast android.intent.action.TIME_TICK to com.nasc.widget.pixelartclock.WidgetReceiver@2b062620
I/ActivityThread( 4972): Enqueueing broadcast android.intent.action.TIME_TICK to com.nasc.widget.pixelartclock.WidgetReceiver@2b062620
I/ActivityThread( 4972): Dispatching broadcast android.intent.action.TIME_TICK to com.nasc.widget.pixelartclock.WidgetReceiver@2b062620
I/ActivityThread( 4972):   mRegistered=true mCurOrdered=true
D/dalvikvm( 4972): GC_CONCURRENT freed 568K, 57% free 2940K/6727K, external 1625K/2137K, paused 9ms+10ms
I/ActivityThread( 4972): Finishing broadcast to com.nasc.widget.pixelartclock.WidgetReceiver@2b062620
I/ActivityThread(  220): Receiving broadcast android.intent.action.TIME_TICK to android.widget.DateTimeView$1@2b0565e0
I/ActivityThread(  220): Enqueueing broadcast android.intent.action.TIME_TICK to android.widget.DateTimeView$1@2b0565e0
I/ActivityThread(  220): Dispatching broadcast android.intent.action.TIME_TICK to android.widget.DateTimeView$1@2b0565e0
I/ActivityThread(  220):   mRegistered=true mCurOrdered=true
I/ActivityThread(  220): Finishing broadcast to android.widget.DateTimeView$1@2b0565e0
D/WifiStateTracker(  152): WifiManager.calculateSignalLevel(-50, 4)=3
