adb server is out of date.  killing...
* daemon started successfully *
--------- beginning of /dev/log/main
D/WifiStateTracker(  152): WifiManager.calculateSignalLevel(-56, 4)=2
D/WifiStateTracker(  152): WifiManager.calculateSignalLevel(-56, 4)=2
E/LoadGroupService( 4987): LoadGroupService execute
D/LoadGroupService( 4987): importGroups, getLoadStatus status = 1
E/LoadGroupService( 4987): doPreSotred import_status =1
E/LoadGroupService( 4987): groups have been imported before
D/dalvikvm( 3544): GC_EXPLICIT freed 14K, 47% free 2989K/5575K, external 1625K/2137K, paused 104ms
D/WifiStateTracker(  152): WifiManager.calculateSignalLevel(-56, 4)=2
D/WifiStateTracker(  152): WifiManager.calculateSignalLevel(-56, 4)=2
D/dalvikvm( 4831): GC_EXPLICIT freed 13K, 49% free 2748K/5379K, external 1625K/2137K, paused 97ms
D/WifiStateTracker(  152): WifiManager.calculateSignalLevel(-55, 4)=3
I/Kineto::wifi(  247): onReceive Enter
V/Kineto::wifi(  247): RSSI_CHANGED_ACTION newRssi: -55
I/Kineto::wifi(  247): onReceive Exit
D/WifiStateTracker(  152): WifiManager.calculateSignalLevel(-55, 4)=3
D/WifiStateTracker(  152): WifiManager.calculateSignalLevel(-56, 4)=2
I/Kineto::wifi(  247): onReceive Enter
V/Kineto::wifi(  247): RSSI_CHANGED_ACTION newRssi: -56
I/Kineto::wifi(  247): onReceive Exit
D/WifiStateTracker(  152): WifiManager.calculateSignalLevel(-56, 4)=2
D/WifiStateTracker(  152): WifiManager.calculateSignalLevel(-56, 4)=2
D/dalvikvm( 4605): GC_EXPLICIT freed 363K, 44% free 3591K/6407K, external 5646K/6607K, paused 135ms
D/WifiStateTracker(  152): WifiManager.calculateSignalLevel(-55, 4)=3
I/Kineto::wifi(  247): onReceive Enter
V/Kineto::wifi(  247): RSSI_CHANGED_ACTION newRssi: -55
I/Kineto::wifi(  247): onReceive Exit
D/WifiStateTracker(  152): WifiManager.calculateSignalLevel(-55, 4)=3
D/WifiStateTracker(  152): WifiManager.calculateSignalLevel(-56, 4)=2
I/Kineto::wifi(  247): onReceive Enter
V/Kineto::wifi(  247): RSSI_CHANGED_ACTION newRssi: -56
I/Kineto::wifi(  247): onReceive Exit
D/WifiStateTracker(  152): WifiManager.calculateSignalLevel(-56, 4)=2
D/WifiStateTracker(  152): WifiManager.calculateSignalLevel(-57, 4)=2
D/dalvikvm(32043): GC_EXPLICIT freed 245K, 52% free 2803K/5767K, external 1625K/2137K, paused 106ms
D/WifiStateTracker(  152): WifiManager.calculateSignalLevel(-55, 4)=3
I/Kineto::wifi(  247): onReceive Enter
V/Kineto::wifi(  247): RSSI_CHANGED_ACTION newRssi: -55
I/Kineto::wifi(  247): onReceive Exit
D/WifiStateTracker(  152): WifiManager.calculateSignalLevel(-55, 4)=3
D/WifiStateTracker(  152): WifiManager.calculateSignalLevel(-56, 4)=2
I/Kineto::wifi(  247): onReceive Enter
V/Kineto::wifi(  247): RSSI_CHANGED_ACTION newRssi: -56
I/Kineto::wifi(  247): onReceive Exit
D/WifiStateTracker(  152): WifiManager.calculateSignalLevel(-56, 4)=2
D/WifiStateTracker(  152): WifiManager.calculateSignalLevel(-56, 4)=2
I/KeyguardUpdateMonitor(  152): enter isDeviceProvisioned ...
I/KeyguardUpdateMonitor(  152): enter isDeviceProvisioned ...
W/WindowManager(  152): Reached focused app: AppWindowToken{2b7c0358 token=HistoryRecord{2b336df8 com.android.settings/.applications.ManageApplications}}
W/WindowManager(  152): Reached focused app: AppWindowToken{2b7c0358 token=HistoryRecord{2b336df8 com.android.settings/.applications.ManageApplications}}
W/IInputConnectionWrapper( 1654): showStatusIcon on inactive InputConnection
I/ActivityManager(  152): Displayed com.android.settings/.applications.ManageApplications: +441ms (total +1m11s97ms)
D/WifiStateTracker(  152): WifiManager.calculateSignalLevel(-55, 4)=3
I/Kineto::wifi(  247): onReceive Enter
V/Kineto::wifi(  247): RSSI_CHANGED_ACTION newRssi: -55
I/Kineto::wifi(  247): onReceive Exit
D/WifiStateTracker(  152): WifiManager.calculateSignalLevel(-55, 4)=3
D/dalvikvm( 4605): GC_EXTERNAL_ALLOC freed 381K, 46% free 3524K/6407K, external 6064K/6112K, paused 52ms
D/skia    ( 4605): purging 192K from font cache [23 entries]
D/WifiStateTracker(  152): WifiManager.calculateSignalLevel(-56, 4)=2
I/Kineto::wifi(  247): onReceive Enter
V/Kineto::wifi(  247): RSSI_CHANGED_ACTION newRssi: -56
I/Kineto::wifi(  247): onReceive Exit
D/WifiStateTracker(  152): WifiManager.calculateSignalLevel(-56, 4)=2
D/skia    ( 4605): purging 196K from font cache [22 entries]
D/KIPC    (   89): KIPC_SendMessage: len = 4, socket = 14
D/KIPCapp (  247): doSocketRead returning 2 bytes
D/KIPCapp (  247): Attempt to read 4 bytes
D/KIPCapp (  247): calling recv(48)
D/KIPCapp (  247): doSocketRead returning 4 bytes
D/KIPCapp (  247): Issuing MsgInd callback, len = 4
E/KINETO  (  247): KLOG0C3- UKCCQueuePost : Enter len =%d 
E/KINETO  (  247): KLOG082-   01 00 09 02 00 00 00 00
E/KINETO  (  247): 
D/KIPCapp (  247): READ FD = 48
D/KIPCapp (  247): calling recv(48)
D/KIPC    (   89): Sent 4 bytes
E/KINETO  (  247): KLOG0C4- xInEnv: 0x370410 --> 0x370410, opcode=521
E/KINETO  (  247): KLOG0C4- AsGanRrModeIndEncoder
E/KINETO  (  247): KLOG0C4- AsGanRrModeIndEncoder: rrmode 0
E/KINETO  (  247): KLOG0C4- SendIpaGsmRRState
E/KINETO  (  247): KLOG0C4- SendIpcDataReq 0xa6
E/KINETO  (  247): KLOG0C4- IPC_SEND 3331
E/KINETO  (  247): KLOG0C3- GAN_OS_sendIpcMessage : Enter
E/KINETO  (  247): KLOG003- IPA_MSG_GSM_RR_STATE event
E/KINETO  (  247): KLOG0C4- XMK_SEND_ENV: id=218 recv=3
E/KINETO  (  247): KLOG0C4- xmk_Send: 254 -> 3, id=218
E/KINETO  (  247): KLOG0C4- snd: 254 recv: 3 sig: 218 prio: 100
E/KINETO  (  247): KLOG0C4- NewState: Process 3 to State 254, Symbol 60
E/KINETO  (  247): KLOG004- GSM RR State: 0 - UMA RR State: 3
I/Kineto::main(  247): Kineto: WifiAppStatusCallback Enter ganMode: 80
D/WifiStateTracker(  152): WifiManager.calculateSignalLevel(-56, 4)=2
W/WindowManager(  152): Reached focused app: AppWindowToken{2b3e7c38 token=HistoryRecord{2b33fa30 com.android.settings/.applications.InstalledAppDetails}}
I/ActivityManager(  152): Displayed com.android.settings/.applications.InstalledAppDetails: +311ms
W/WindowManager(  152): Reached focused app: AppWindowToken{2b3eafa8 token=HistoryRecord{2b3a98a0 com.android.packageinstaller/.UninstallerActivity}}
W/WindowManager(  152): Reached focused app: AppWindowToken{2b3eafa8 token=HistoryRecord{2b3a98a0 com.android.packageinstaller/.UninstallerActivity}}
W/WindowManager(  152): Reached focused app: AppWindowToken{2b3eafa8 token=HistoryRecord{2b3a98a0 com.android.packageinstaller/.UninstallerActivity}}
W/WindowManager(  152): Reached focused app: AppWindowToken{2b3eafa8 token=HistoryRecord{2b3a98a0 com.android.packageinstaller/.UninstallerActivity}}
I/ActivityManager(  152): Displayed com.android.packageinstaller/.UninstallerActivity: +351ms
D/KeyguardUpdateMonitor(  152): received broadcast android.intent.action.TIME_TICK
D/KeyguardUpdateMonitor(  152): handleTimeUpdate
V/PACW_WidgetReceiver( 4972): WidgetReceiver.onReceive(ACTION_TIME_TICK)
D/PACW_UpdateTimer( 4972): Tick RUN
W/WindowManager(  152): Reached focused app: AppWindowToken{2b593938 token=HistoryRecord{2b6c6c70 com.android.packageinstaller/.UninstallAppProgress}}
D/dalvikvm( 5001): GC_EXTERNAL_ALLOC freed 91K, 48% free 2807K/5379K, external 1839K/2137K, paused 84ms
D/WifiStateTracker(  152): WifiManager.calculateSignalLevel(-54, 4)=3
I/Kineto::wifi(  247): onReceive Enter
V/Kineto::wifi(  247): RSSI_CHANGED_ACTION newRssi: -54
I/Kineto::wifi(  247): onReceive Exit
I/PackageManager(  152): Removing non-system package:com.grimpunch.games.HyperSpaceCroquet
D/PackageManager(  152): Removing package com.grimpunch.games.HyperSpaceCroquet
D/PackageManager(  152):   Receivers: com.admob.android.ads.analytics.InstallReceiver
D/PackageManager(  152):   Activities: com.grimpunch.games.HyperSpaceCroquet.AdMobTestActivity com.admob.android.ads.AdMobActivity
D/WifiStateTracker(  152): WifiManager.calculateSignalLevel(-54, 4)=3
I/ActivityManager(  152): Displayed com.android.packageinstaller/.UninstallAppProgress: +420ms
D/dalvikvm(  152): GC_EXPLICIT freed 1313K, 48% free 7736K/14599K, external 5718K/6177K, paused 131ms
D/dalvikvm( 4605): GC_EXPLICIT freed 246K, 44% free 3610K/6407K, external 5536K/6914K, paused 242ms
D/dalvikvm( 4987): GC_EXPLICIT freed 807K, 50% free 3326K/6535K, external 1625K/2137K, paused 235ms
D/dalvikvm(  152): GC_EXPLICIT freed 210K, 48% free 7635K/14599K, external 5718K/6177K, paused 185ms
I/FMSystemService onReceive = (  152): android.intent.action.PACKAGE_REMOVED
I/FMSystemService(  152): onReceive pkgName = com.grimpunch.games.HyperSpaceCroquet
I/installd(   95): unlink /data/dalvik-cache/data@app@com.grimpunch.games.HyperSpaceCroquet-1.apk@classes.dex
I/Process ( 5009): Sending signal. PID: 5009 SIG: 9
D/AlarmManager(  152): +++Alarm set:type=0 com.android.vending  Trigger after:14998ms
D/dalvikvm( 4902): GC_CONCURRENT freed 712K, 50% free 3384K/6727K, external 1625K/2137K, paused 10ms+4ms
D/WifiStateTracker(  152): WifiManager.calculateSignalLevel(-57, 4)=2
I/Kineto::wifi(  247): onReceive Enter
V/Kineto::wifi(  247): RSSI_CHANGED_ACTION newRssi: -57
I/Kineto::wifi(  247): onReceive Exit
D/WifiStateTracker(  152): WifiManager.calculateSignalLevel(-57, 4)=2
I/UninstallAppProgress( 5001): Finished uninstalling pkg: com.grimpunch.games.HyperSpaceCroquet
W/WindowManager(  152): Reached focused app: AppWindowToken{2b7c0358 token=HistoryRecord{2b336df8 com.android.settings/.applications.ManageApplications}}
I/dalvikvm( 4605): Jit: resizing JitTable from 1024 to 2048
I/KeyguardUpdateMonitor(  152): enter isDeviceProvisioned ...
I/KeyguardUpdateMonitor(  152): enter isDeviceProvisioned ...
D/skia    ( 4605): purging 192K from font cache [23 entries]
D/WifiStateTracker(  152): WifiManager.calculateSignalLevel(-55, 4)=3
I/Kineto::wifi(  247): onReceive Enter
V/Kineto::wifi(  247): RSSI_CHANGED_ACTION newRssi: -55
I/Kineto::wifi(  247): onReceive Exit
D/WifiStateTracker(  152): WifiManager.calculateSignalLevel(-56, 4)=2
I/Kineto::wifi(  247): onReceive Enter
V/Kineto::wifi(  247): RSSI_CHANGED_ACTION newRssi: -56
I/Kineto::wifi(  247): onReceive Exit
D/WifiStateTracker(  152): WifiManager.calculateSignalLevel(-56, 4)=2
D/KeyguardUpdateMonitor(  152): received broadcast android.intent.action.BATTERY_CHANGED
D/KeyguardUpdateMonitor(  152): handleBatteryUpdate
D/WifiStateTracker(  152): WifiManager.calculateSignalLevel(-56, 4)=2
D/skia    ( 4605): purging 192K from font cache [21 entries]
D/WifiStateTracker(  152): WifiManager.calculateSignalLevel(-57, 4)=2
D/WifiStateTracker(  152): WifiManager.calculateSignalLevel(-56, 4)=2
D/dalvikvm( 1654): GC_EXPLICIT freed 522K, 53% free 3923K/8199K, external 14848K/15612K, paused 82ms
W/WindowManager(  152): Reached focused app: AppWindowToken{2b241398 token=HistoryRecord{2b330448 com.android.settings/.applications.InstalledAppDetails}}
I/AppSecurityPermissions( 4605): Ignoring unknown permission:android.permission.READ_PROFILE
I/ActivityManager(  152): Displayed com.android.settings/.applications.InstalledAppDetails: +910ms
I/KeyguardUpdateMonitor(  152): enter isDeviceProvisioned ...
I/KeyguardUpdateMonitor(  152): enter isDeviceProvisioned ...
D/WifiStateTracker(  152): WifiManager.calculateSignalLevel(-56, 4)=2
W/AlarmManager(  152): +++Alarm  wakeup phone ,pkg=com.android.vending
W/AlarmManager(  152): +++alarm onSendFinished ,action=null
D/Finsky  ( 4902): [1] 5.onFinished: Installation state replication succeeded.
W/WindowManager(  152): Reached focused app: AppWindowToken{2b5cd398 token=HistoryRecord{2b528cc8 com.android.settings/.applications.InstalledAppDetails}}
I/AppSecurityPermissions( 4605): Ignoring unknown permission:android.permission.READ_EXTERNAL_STORAGE
I/AppSecurityPermissions( 4605): Ignoring unknown permission:android.permission.SEND_SMS_NO_CONFIRMATION
I/AppSecurityPermissions( 4605): Ignoring unknown permission:android.permission.PACKAGE_VERIFICATION_AGENT
I/AppSecurityPermissions( 4605): Ignoring unknown permission:com.google.android.verifier.permission.UPDATE_VERIFIER
I/ActivityManager(  152): Displayed com.android.settings/.applications.InstalledAppDetails: +355ms
D/WifiStateTracker(  152): WifiManager.calculateSignalLevel(-57, 4)=2
D/WifiStateTracker(  152): WifiManager.calculateSignalLevel(-56, 4)=2
I/KeyguardUpdateMonitor(  152): enter isDeviceProvisioned ...
I/KeyguardUpdateMonitor(  152): enter isDeviceProvisioned ...
D/WifiStateTracker(  152): WifiManager.calculateSignalLevel(-56, 4)=2
W/WindowManager(  152): Reached focused app: AppWindowToken{2b4208b8 token=HistoryRecord{2b420698 com.android.settings/.applications.InstalledAppDetails}}
I/ActivityManager(  152): Displayed com.android.settings/.applications.InstalledAppDetails: +418ms
D/dalvikvm(  152): GC_CONCURRENT freed 1837K, 47% free 7764K/14599K, external 5718K/6177K, paused 6ms+15ms
D/WifiStateTracker(  152): WifiManager.calculateSignalLevel(-57, 4)=2
I/KeyguardUpdateMonitor(  152): enter isDeviceProvisioned ...
I/KeyguardUpdateMonitor(  152): enter isDeviceProvisioned ...
W/WindowManager(  152): Reached focused app: AppWindowToken{2b5fe410 token=HistoryRecord{2afdf678 com.android.settings/.applications.InstalledAppDetails}}
I/AppSecurityPermissions( 4605): Ignoring unknown permission:com.google.android.providers.gmail.permission.READ_GMAIL
D/WifiStateTracker(  152): WifiManager.calculateSignalLevel(-57, 4)=2
I/ActivityManager(  152): Displayed com.android.settings/.applications.InstalledAppDetails: +461ms
I/KeyguardUpdateMonitor(  152): enter isDeviceProvisioned ...
I/KeyguardUpdateMonitor(  152): enter isDeviceProvisioned ...
D/dalvikvm( 4605): GC_CONCURRENT freed 1578K, 50% free 4072K/8071K, external 5667K/6914K, paused 4ms+15ms
W/WindowManager(  152): Reached focused app: AppWindowToken{2b5ca658 token=HistoryRecord{2b4f9340 com.android.settings/.applications.InstalledAppDetails}}
I/ActivityManager(  152): Displayed com.android.settings/.applications.InstalledAppDetails: +307ms
D/WifiStateTracker(  152): WifiManager.calculateSignalLevel(-57, 4)=2
I/KeyguardUpdateMonitor(  152): enter isDeviceProvisioned ...
I/KeyguardUpdateMonitor(  152): enter isDeviceProvisioned ...
D/skia    ( 4605): purging 201K from font cache [22 entries]
W/WindowManager(  152): Reached focused app: AppWindowToken{2b66cf70 token=HistoryRecord{2b652420 com.android.settings/.applications.InstalledAppDetails}}
I/ActivityManager(  152): Displayed com.android.settings/.applications.InstalledAppDetails: +285ms
I/KeyguardUpdateMonitor(  152): enter isDeviceProvisioned ...
I/KeyguardUpdateMonitor(  152): enter isDeviceProvisioned ...
D/dalvikvm(  152): GC_CONCURRENT freed 1967K, 48% free 7732K/14599K, external 5718K/6177K, paused 6ms+14ms
D/WifiStateTracker(  152): WifiManager.calculateSignalLevel(-56, 4)=2
W/WindowManager(  152): Reached focused app: AppWindowToken{2b6e4fc0 token=HistoryRecord{2b2607d0 com.android.settings/.applications.InstalledAppDetails}}
I/AppSecurityPermissions( 4605): Ignoring unknown permission:com.android.providers.im.permission.READ_ONLY
I/ActivityManager(  152): Displayed com.android.settings/.applications.InstalledAppDetails: +487ms
I/KeyguardUpdateMonitor(  152): enter isDeviceProvisioned ...
I/KeyguardUpdateMonitor(  152): enter isDeviceProvisioned ...
D/WifiStateTracker(  152): WifiManager.calculateSignalLevel(-56, 4)=2
W/WindowManager(  152): Reached focused app: AppWindowToken{2b42a7a0 token=HistoryRecord{2b421b20 com.android.settings/.applications.InstalledAppDetails}}
I/ActivityManager(  152): Displayed com.android.settings/.applications.InstalledAppDetails: +347ms
I/KeyguardUpdateMonitor(  152): enter isDeviceProvisioned ...
I/KeyguardUpdateMonitor(  152): enter isDeviceProvisioned ...
D/WifiStateTracker(  152): WifiManager.calculateSignalLevel(-57, 4)=2
W/WindowManager(  152): Reached focused app: AppWindowToken{2b5c5ab8 token=HistoryRecord{2b789610 com.android.settings/.applications.InstalledAppDetails}}
D/dalvikvm( 4605): GC_CONCURRENT freed 1985K, 52% free 4134K/8519K, external 5472K/6833K, paused 3ms+9ms
I/ActivityManager(  152): Displayed com.android.settings/.applications.InstalledAppDetails: +424ms
I/KeyguardUpdateMonitor(  152): enter isDeviceProvisioned ...
I/KeyguardUpdateMonitor(  152): enter isDeviceProvisioned ...
W/WindowManager(  152): Reached focused app: AppWindowToken{2b4d9480 token=HistoryRecord{2b4d9238 com.android.settings/.applications.InstalledAppDetails}}
D/WifiStateTracker(  152): WifiManager.calculateSignalLevel(-56, 4)=2
I/ActivityManager(  152): Displayed com.android.settings/.applications.InstalledAppDetails: +547ms
D/dalvikvm(  152): GC_CONCURRENT freed 2021K, 48% free 7731K/14599K, external 5718K/6177K, paused 6ms+20ms
W/WindowManager(  152): Reached focused app: AppWindowToken{2b6c9578 token=HistoryRecord{2b0320f8 com.android.packageinstaller/.UninstallerActivity}}
W/WindowManager(  152): Reached focused app: AppWindowToken{2b6c9578 token=HistoryRecord{2b0320f8 com.android.packageinstaller/.UninstallerActivity}}
I/ActivityManager(  152): Displayed com.android.packageinstaller/.UninstallerActivity: +530ms
D/WifiStateTracker(  152): WifiManager.calculateSignalLevel(-57, 4)=2
W/WindowManager(  152): Reached focused app: AppWindowToken{2b6730b0 token=HistoryRecord{2b30d808 com.android.packageinstaller/.UninstallAppProgress}}
I/PackageManager(  152): Removing system package:com.orange.phonebackup
I/PackageManager(  152): Deleting system pkg from data partition
D/PackageManager(  152): Removing package com.orange.phonebackup
D/PackageManager(  152): Unregistered content provider: com.voxmobili.phonebackup.provider, className = com.voxmobili.phonebackup.provider.PhoneBackupCoreDatabaseProvider, isSyncable = false
D/PackageManager(  152):   Providers: com.voxmobili.phonebackup.provider.PhoneBackupCoreDatabaseProvider
D/PackageManager(  152):   Services: com.voxmobili.app.service.BackupService
D/PackageManager(  152):   Receivers: com.voxmobili.app.service.BootObserver
D/PackageManager(  152):   Activities: com.voxmobili.phonebackup.SplashScreen com.voxmobili.phonebackup.PhoneBackupActivity com.voxmobili.phonebackup.SyncHistoryActivity com.voxmobili.phonebackup.HistoryListActivity com.voxmobili.phonebackup.AboutActivity com.voxmobili.phonebackup.AboutNoticeActivity com.voxmobili.phonebackup.SyncActivity com.voxmobili.phonebackup.HelpActivity com.voxmobili.phonebackup.WelcomeActivity com.voxmobili.phonebackup.SettingsAccountActivity com.voxmobili.phonebackup.SettingsModeActivity com.voxmobili.phonebackup.SettingsRoamingActivity com.voxmobili.phonebackup.SettingsReminderActivity com.voxmobili.phonebackup.SettingsAutoSyncDayOfWeekActivity com.voxmobili.phonebackup.SettingsAutoSyncDayOfMonthActivity com.voxmobili.phonebackup.TermsConditionsActivity com.voxmobili.phonebackup.ReminderActivity com.voxmobili.phonebackup.DiscoverActivity com.voxmobili.phonebackup.SettingsCheckerActivity com.voxmobili.phonebackup.SimImportActivity com.voxmobili.phonebackup.DbSelectionActivity com.voxmobili.phonebackup.AuthNeededActivity com.voxmobili.phonebackup.media.MediaLocalSelectionActivity com.voxmobili.phonebackup.media.MediaRemoteSelectionActivity com.voxmobili.phonebackup.widget.PopupActivity com.voxmobili.phonebackup.SettingsActivity
I/ActivityManager(  152): Displayed com.android.packageinstaller/.UninstallAppProgress: +105ms
I/PackageParser(  152): com.orange.phonebackup: compat added android.permission.WRITE_EXTERNAL_STORAGE
I/PackageManager(  152): /system/app/PhoneBackup-signed_2.3.5.02_PROD.apk changed; collecting certs
D/dalvikvm( 5001): GC_EXPLICIT freed 61K, 47% free 2874K/5379K, external 2416K/2730K, paused 137ms
I/FMSystemService onReceive = (  152): android.intent.action.PACKAGE_REMOVED
I/FMSystemService(  152): onReceive pkgName = com.orange.phonebackup
D/dalvikvm( 4987): GC_EXPLICIT freed 441K, 51% free 3236K/6535K, external 1625K/2137K, paused 209ms
I/Launcher( 1654): setLoadOnResume
D/dalvikvm(  152): GC_EXPLICIT freed 1490K, 46% free 7952K/14599K, external 5718K/6177K, paused 176ms
I/Process ( 5020): Sending signal. PID: 5020 SIG: 9
D/AlarmManager(  152): +++Alarm set:type=0 com.android.vending  Trigger after:14999ms
I/Z7BroadcastReceiver( 3544): onReceive() start, intent: Intent { act=android.intent.action.PACKAGE_ADDED dat=package:com.orange.phonebackup flg=0x10000000 cmp=com.orange.pushmail.Z7/.service.Z7BroadcastReceiver (has extras) }
I/installd(   95): unlink /data/dalvik-cache/data@app@com.orange.phonebackup-1.apk@classes.dex
I/Process ( 5028): Sending signal. PID: 5028 SIG: 9
D/GTalkService(  282): handlePackageInstalled: re-initialize providers
D/GTalkService(  282): [RawStanzaProvidersMgr] ##### searchProvidersFromIntent
D/GTalkService(  282): [RawStanzaProvidersMgr] no intent receivers found
D/AlarmManager(  152): +++Alarm set:type=0 com.android.vending  Trigger after:14999ms
D/AlarmManager(  152): +++Alarm set:type=2 com.google.android.apps.maps  Trigger after:1175141ms
I/Z7BroadcastReceiver( 3544): onReceive() start, intent: Intent { act=android.intent.action.PACKAGE_REPLACED dat=package:com.orange.phonebackup flg=0x10000000 cmp=com.orange.pushmail.Z7/.service.Z7BroadcastReceiver (has extras) }
D/WifiStateTracker(  152): WifiManager.calculateSignalLevel(-56, 4)=2
I/UninstallAppProgress( 5001): Finished uninstalling pkg: com.orange.phonebackup
W/WindowManager(  152): Reached focused app: AppWindowToken{2b7c0358 token=HistoryRecord{2b336df8 com.android.settings/.applications.ManageApplications}}
D/WifiStateTracker(  152): WifiManager.calculateSignalLevel(-56, 4)=2
I/ActivityThread( 5051): Pub com.facebook.katana.provider.LoggingProvider: com.facebook.katana.provider.LoggingProvider
I/ActivityThread( 5051): Pub com.facebook.katana.provider.KeyValueProvider: com.facebook.katana.provider.KeyValueProvider
I/ActivityThread( 5051): Pub com.facebook.katana.provider.CacheProvider: com.facebook.katana.provider.CacheProvider
I/ActivityThread( 5051): Pub com.facebook.katana.provider.VaultImageProvider: com.facebook.katana.provider.VaultImageProvider
I/ActivityThread( 5051): Pub com.facebook.katana.provider.MailboxProvider: com.facebook.katana.provider.MailboxProvider
I/ActivityThread( 5051): Pub com.facebook.katana.provider.UserStatusesProvider: com.facebook.katana.provider.UserStatusesProvider
I/ActivityThread( 5051): Pub com.facebook.katana.provider.EventsProvider: com.facebook.katana.provider.EventsProvider
I/ActivityThread( 5051): Pub com.facebook.katana.provider.ObservedContactsProvider: com.facebook.katana.provider.ObservedContactsProvider
I/ActivityThread( 5051): Pub com.facebook.katana.provider.NotificationsProvider: com.facebook.katana.provider.NotificationsProvider
I/ActivityThread( 5051): Pub com.facebook.katana.provider.UserValuesProvider: com.facebook.katana.provider.UserValuesProvider
I/ActivityThread( 5051): Pub com.facebook.katana.provider.PagesProvider: com.facebook.katana.provider.PagesProvider
I/ActivityThread( 5051): Pub com.facebook.katana.provider.MobileEventLogProvider: com.facebook.katana.provider.MobileEventLogProvider
I/ActivityThread( 5051): Pub com.facebook.katana.provider.PushNotificationsProvider: com.facebook.katana.provider.PushNotificationsProvider
I/ActivityThread( 5051): Pub com.facebook.katana.provider.PhotosProvider: com.facebook.katana.provider.PhotosProvider
I/ActivityThread( 5051): Pub com.facebook.katana.provider.ConnectionsProvider: com.facebook.katana.provider.ConnectionsProvider
I/ActivityThread( 5051): Pub com.facebook.orca.notify.FbandroidMessagesForegroundProvider: com.facebook.orca.notify.FbandroidMessagesForegroundProvider
D/ACRA    ( 5051): Retrieve application default SharedPreferences.
D/ACRA    ( 5051): Set OnSharedPreferenceChangeListener.
D/ACRA    ( 5051): ACRA is enabled for com.facebook.katana, intializing...
D/ACRA    ( 5051): Looking for error files in /data/data/com.facebook.katana/app_acra-reports
W/nalizableReferenceQueue( 5051): Could not load Finalizer in its own class loader.Loading Finalizer in the current class loader instead. As a result, you will not be ableto garbage collect this class loader. To support reclaiming this class loader, eitherresolve the underlying issue, or move Google Collections to your system class path.
W/nalizableReferenceQueue( 5051): java.io.FileNotFoundException: com/google/common/base/internal/Finalizer.class
W/nalizableReferenceQueue( 5051): 	at com.google.common.base.FinalizableReferenceQueue$DecoupledLoader.getBaseUrl(FinalizableReferenceQueue.java:243)
W/nalizableReferenceQueue( 5051): 	at com.google.common.base.FinalizableReferenceQueue$DecoupledLoader.loadFinalizer(FinalizableReferenceQueue.java:227)
W/nalizableReferenceQueue( 5051): 	at com.google.common.base.FinalizableReferenceQueue.loadFinalizer(FinalizableReferenceQueue.java:155)
W/nalizableReferenceQueue( 5051): 	at com.google.common.base.FinalizableReferenceQueue.<clinit>(FinalizableReferenceQueue.java:84)
W/nalizableReferenceQueue( 5051): 	at com.google.common.collect.CustomConcurrentHashMap$QueueHolder.<clinit>(CustomConcurrentHashMap.java:650)
W/nalizableReferenceQueue( 5051): 	at com.google.common.collect.CustomConcurrentHashMap$WeakEntry.<init>(CustomConcurrentHashMap.java:1342)
W/nalizableReferenceQueue( 5051): 	at com.google.common.collect.CustomConcurrentHashMap$EntryFactory$9.newEntry(CustomConcurrentHashMap.java:453)
W/nalizableReferenceQueue( 5051): 	at com.google.common.collect.CustomConcurrentHashMap.a(CustomConcurrentHashMap.java:1715)
W/nalizableReferenceQueue( 5051): 	at com.google.common.collect.ComputingConcurrentHashMap$ComputingSegment.a(ComputingConcurrentHashMap.java:123)
W/nalizableReferenceQueue( 5051): 	at com.google.common.collect.ComputingConcurrentHashMap.apply(ComputingConcurrentHashMap.java:71)
W/nalizableReferenceQueue( 5051): 	at com.google.common.collect.MapMaker$ComputingMapAdapter.get(MapMaker.java:848)
W/nalizableReferenceQueue( 5051): 	at com.google.inject.internal.Annotations$AnnotationChecker.a(Annotations.java:90)
W/nalizableReferenceQueue( 5051): 	at com.google.inject.internal.Annotations.c(Annotations.java:108)
W/nalizableReferenceQueue( 5051): 	at com.google.inject.Key.d(Key.java:369)
W/nalizableReferenceQueue( 5051): 	at com.google.inject.Key.b(Key.java:356)
W/nalizableReferenceQueue( 5051): 	at com.google.inject.Key.a(Key.java:267)
W/nalizableReferenceQueue( 5051): 	at com.facebook.orca.inject.binder.AnnotatedBindingBuilderImpl.a(AnnotatedBindingBuilderImpl.java:22)
W/nalizableReferenceQueue( 5051): 	at com.facebook.orca.app.FbBaseModule.a(FbBaseModule.java:75)
W/nalizableReferenceQueue( 5051): 	at com.facebook.orca.inject.AbstractModule.a(AbstractModule.java:19)
W/nalizableReferenceQueue( 5051): 	at com.facebook.orca.inject.FbInjectorImpl.a(FbInjectorImpl.java:63)
W/nalizableReferenceQueue( 5051): 	at com.facebook.orca.inject.FbInjectorImpl.<init>(FbInjectorImpl.java:41)
W/nalizableReferenceQueue( 5051): 	at com.facebook.orca.inject.FbInjector.a(FbInjector.java:40)
W/nalizableReferenceQueue( 5051): 	at com.facebook.katana.FacebookApplication.onCreate(FacebookApplication.java:102)
W/nalizableReferenceQueue( 5051): 	at android.app.Instrumentation.callApplicationOnCreate(Instrumentation.java:969)
W/nalizableReferenceQueue( 5051): 	at android.app.ActivityThread.handleBindApplication(ActivityThread.java:3411)
W/nalizableReferenceQueue( 5051): 	at android.app.ActivityThread.access$2200(ActivityThread.java:124)
W/nalizableReferenceQueue( 5051): 	at android.app.ActivityThread$H.handleMessage(ActivityThread.java:985)
W/nalizableReferenceQueue( 5051): 	at android.os.Handler.dispatchMessage(Handler.java:99)
W/nalizableReferenceQueue( 5051): 	at android.os.Looper.loop(Looper.java:130)
W/nalizableReferenceQueue( 5051): 	at android.app.ActivityThread.main(ActivityThread.java:3822)
W/nalizableReferenceQueue( 5051): 	at java.lang.reflect.Method.invokeNative(Native Method)
W/nalizableReferenceQueue( 5051): 	at java.lang.reflect.Method.invoke(Method.java:507)
W/nalizableReferenceQueue( 5051): 	at com.android.internal.os.ZygoteInit$MethodAndArgsCaller.run(ZygoteInit.java:839)
W/nalizableReferenceQueue( 5051): 	at com.android.internal.os.ZygoteInit.main(ZygoteInit.java:597)
W/nalizableReferenceQueue( 5051): 	at dalvik.system.NativeStart.main(Native Method)
I/Finalizer( 5051): Couldn't access Thread.inheritableThreadLocals. Reference finalizer threads will inherit thread local values.
D/dalvikvm( 5051): GC_CONCURRENT freed 734K, 47% free 3603K/6727K, external 1625K/2137K, paused 3ms+12ms
D/WifiStateTracker(  152): WifiManager.calculateSignalLevel(-56, 4)=2
I/dalvikvm( 5051): Could not find method android.net.TrafficStats.getUidRxPackets, referenced from method com.facebook.orca.analytics.AnalyticsDeviceUtils.a
W/dalvikvm( 5051): VFY: unable to resolve static method 722: Landroid/net/TrafficStats;.getUidRxPackets (I)J
D/dalvikvm( 5051): VFY: replacing opcode 0x71 at 0x0029
D/dalvikvm( 5051): VFY: dead code 0x002c-0038 in Lcom/facebook/orca/analytics/AnalyticsDeviceUtils;.a (Lcom/facebook/orca/analytics/HoneyClientEvent;)V
D/dalvikvm( 5051): GC_CONCURRENT freed 633K, 44% free 3898K/6855K, external 1625K/2137K, paused 4ms+7ms
D/dalvikvm( 4880): GC_EXPLICIT freed 77K, 49% free 2755K/5379K, external 1625K/2137K, paused 99ms
I/KeyguardUpdateMonitor(  152): enter isDeviceProvisioned ...
W/Resources( 5051): Converting to string: TypedValue{t=0x10/d=0xffffffff a=-1}
W/Resources( 5051): Converting to string: TypedValue{t=0x10/d=0xffffffff a=-1}
I/KeyguardUpdateMonitor(  152): enter isDeviceProvisioned ...
W/WindowManager(  152): Reached focused app: AppWindowToken{2b46e290 token=HistoryRecord{2b41d300 com.android.launcher/com.android.launcher2.Launcher}}
W/IInputConnectionWrapper( 4605): showStatusIcon on inactive InputConnection
D/dalvikvm( 5051): GC_CONCURRENT freed 641K, 43% free 4198K/7239K, external 1625K/2137K, paused 4ms+17ms
D/AlarmManager(  152): +++Alarm set:type=2 com.facebook.katana  Trigger after:59999ms
D/dalvikvm( 5051): GC_CONCURRENT freed 883K, 43% free 4405K/7687K, external 1625K/2137K, paused 4ms+6ms
D/dalvikvm( 5051): GC_CONCURRENT freed 837K, 42% free 4640K/7943K, external 1625K/2137K, paused 4ms+5ms
D/KeyguardUpdateMonitor(  152): received broadcast android.intent.action.TIME_TICK
D/KeyguardUpdateMonitor(  152): handleTimeUpdate
V/PACW_WidgetReceiver( 4972): WidgetReceiver.onReceive(ACTION_TIME_TICK)
D/PACW_UpdateTimer( 4972): Tick RUN
D/dalvikvm( 1654): GC_EXTERNAL_ALLOC freed 241K, 52% free 3940K/8199K, external 15603K/15612K, paused 122ms
D/dalvikvm( 4972): GC_CONCURRENT freed 1397K, 57% free 2940K/6727K, external 1625K/2137K, paused 9ms+10ms
I/Launcher( 1654): startAppWidgetListerner
I/Launcher( 1654): startAppWidgetListerner
D/WifiStateTracker(  152): WifiManager.calculateSignalLevel(-55, 4)=3
I/Kineto::wifi(  247): onReceive Enter
V/Kineto::wifi(  247): RSSI_CHANGED_ACTION newRssi: -55
I/Kineto::wifi(  247): onReceive Exit
D/WifiStateTracker(  152): WifiManager.calculateSignalLevel(-55, 4)=3
D/dalvikvm( 1654): GC_EXTERNAL_ALLOC freed 338K, 52% free 3980K/8199K, external 15963K/16179K, paused 106ms
I/Launcher( 1654): startAppWidgetListerner
I/Launcher( 1654): startAppWidgetListerner
D/dalvikvm( 1654): GC_EXTERNAL_ALLOC freed 285K, 52% free 4014K/8199K, external 17045K/17292K, paused 58ms
I/Launcher( 1654): startAppWidgetListerner
D/dalvikvm( 1654): GC_EXPLICIT freed 229K, 51% free 4070K/8199K, external 17315K/17871K, paused 57ms
D/dalvikvm( 5051): GC_CONCURRENT freed 848K, 40% free 4960K/8263K, external 1625K/2137K, paused 4ms+6ms
I/dalvikvm( 5051): Jit: resizing JitTable from 512 to 1024
D/dalvikvm( 5051): GC_CONCURRENT freed 1253K, 43% free 4980K/8711K, external 1625K/2137K, paused 7ms+8ms
D/dalvikvm( 5051): GC_FOR_MALLOC freed 1283K, 43% free 4998K/8711K, external 1625K/2137K, paused 65ms
D/dalvikvm( 5051): GC_CONCURRENT freed 95K, 43% free 5009K/8711K, external 1625K/2137K, paused 5ms+9ms
D/dalvikvm( 5051): GC_CONCURRENT freed 1288K, 42% free 5140K/8775K, external 1625K/2137K, paused 4ms+5ms
D/WifiStateTracker(  152): WifiManager.calculateSignalLevel(-57, 4)=2
I/Kineto::wifi(  247): onReceive Enter
V/Kineto::wifi(  247): RSSI_CHANGED_ACTION newRssi: -57
I/Kineto::wifi(  247): onReceive Exit
D/WifiStateTracker(  152): WifiManager.calculateSignalLevel(-57, 4)=2
D/dalvikvm( 5051): GC_CONCURRENT freed 1394K, 43% free 5130K/8967K, external 1625K/2137K, paused 5ms+6ms
W/AlarmManager(  152): +++Alarm  wakeup phone ,pkg=com.android.vending
W/AlarmManager(  152): +++alarm onSendFinished ,action=null
D/dalvikvm( 4902): GC_CONCURRENT freed 478K, 47% free 3591K/6727K, external 1625K/2137K, paused 9ms+12ms
D/WifiStateTracker(  152): WifiManager.calculateSignalLevel(-56, 4)=2
D/dalvikvm( 4902): GC_CONCURRENT freed 898K, 49% free 3551K/6855K, external 1625K/2137K, paused 4ms+6ms
D/Finsky  ( 4902): [1] 5.onFinished: Installation state replication succeeded.
D/dalvikvm( 4887): GC_EXPLICIT freed 54K, 49% free 2744K/5379K, external 1625K/2137K, paused 135ms
D/WifiStateTracker(  152): WifiManager.calculateSignalLevel(-55, 4)=3
I/Kineto::wifi(  247): onReceive Enter
V/Kineto::wifi(  247): RSSI_CHANGED_ACTION newRssi: -55
I/Kineto::wifi(  247): onReceive Exit
D/WifiStateTracker(  152): WifiManager.calculateSignalLevel(-54, 4)=3
D/dalvikvm( 5051): GC_CONCURRENT freed 1167K, 42% free 5203K/8967K, external 1625K/2137K, paused 14ms+15ms
D/WifiStateTracker(  152): WifiManager.calculateSignalLevel(-54, 4)=3
I/KeyguardUpdateMonitor(  152): enter isDeviceProvisioned ...
I/KeyguardUpdateMonitor(  152): enter isDeviceProvisioned ...
I/KeyguardUpdateMonitor(  152): enter isDeviceProvisioned ...
E/PackageManager(  152): chooseBestActivitycom.android.launcher2.Launcher=0 vs com.orange.homescreen3x.MainActivity=0
V/InputMethodService( 4352): liuan : call closepanel.
V/InputMethodService( 4352): liuan : call closepanel. 123
D/WifiStateTracker(  152): WifiManager.calculateSignalLevel(-56, 4)=2
I/Kineto::wifi(  247): onReceive Enter
V/Kineto::wifi(  247): RSSI_CHANGED_ACTION newRssi: -56
I/Kineto::wifi(  247): onReceive Exit
D/WifiStateTracker(  152): WifiManager.calculateSignalLevel(-56, 4)=2
D/WifiStateTracker(  152): WifiManager.calculateSignalLevel(-57, 4)=2
D/dalvikvm( 4894): GC_EXPLICIT freed 141K, 49% free 2771K/5379K, external 1764K/2137K, paused 103ms
D/WifiStateTracker(  152): WifiManager.calculateSignalLevel(-56, 4)=2
D/WifiStateTracker(  152): WifiManager.calculateSignalLevel(-56, 4)=2
D/dalvikvm( 4902): GC_EXPLICIT freed 241K, 48% free 3585K/6855K, external 1625K/2137K, paused 157ms
D/WifiStateTracker(  152): WifiManager.calculateSignalLevel(-55, 4)=3
I/Kineto::wifi(  247): onReceive Enter
V/Kineto::wifi(  247): RSSI_CHANGED_ACTION newRssi: -55
I/Kineto::wifi(  247): onReceive Exit
D/WifiStateTracker(  152): WifiManager.calculateSignalLevel(-55, 4)=3
D/WifiStateTracker(  152): WifiManager.calculateSignalLevel(-55, 4)=3
D/dalvikvm( 4942): GC_EXPLICIT freed 169K, 48% free 2849K/5447K, external 1625K/2137K, paused 41ms
D/WifiStateTracker(  152): WifiManager.calculateSignalLevel(-56, 4)=2
I/Kineto::wifi(  247): onReceive Enter
V/Kineto::wifi(  247): RSSI_CHANGED_ACTION newRssi: -56
I/Kineto::wifi(  247): onReceive Exit
D/WifiStateTracker(  152): WifiManager.calculateSignalLevel(-57, 4)=2
D/WifiStateTracker(  152): WifiManager.calculateSignalLevel(-56, 4)=2
D/dalvikvm( 3585): GC_EXPLICIT freed 22K, 41% free 4169K/6983K, external 1625K/2137K, paused 138ms
D/WifiStateTracker(  152): WifiManager.calculateSignalLevel(-56, 4)=2
D/WifiStateTracker(  152): WifiManager.calculateSignalLevel(-54, 4)=3
I/Kineto::wifi(  247): onReceive Enter
V/Kineto::wifi(  247): RSSI_CHANGED_ACTION newRssi: -54
I/Kineto::wifi(  247): onReceive Exit
D/WifiStateTracker(  152): WifiManager.calculateSignalLevel(-54, 4)=3
D/WifiStateTracker(  152): WifiManager.calculateSignalLevel(-51, 4)=3
D/dalvikvm( 4972): GC_EXPLICIT freed 257K, 57% free 2925K/6727K, external 1625K/2137K, paused 111ms
D/WifiStateTracker(  152): WifiManager.calculateSignalLevel(-48, 4)=3
D/WifiStateTracker(  152): WifiManager.calculateSignalLevel(-52, 4)=3
D/dalvikvm( 3326): GC_EXPLICIT freed 75K, 49% free 2775K/5379K, external 1625K/2137K, paused 102ms
D/WifiStateTracker(  152): WifiManager.calculateSignalLevel(-53, 4)=3
D/WifiStateTracker(  152): WifiManager.calculateSignalLevel(-53, 4)=3
D/dalvikvm( 4987): GC_EXPLICIT freed 291K, 51% free 3235K/6535K, external 1625K/2137K, paused 143ms
W/AlarmManager(  152): +++Alarm  wakeup phone ,pkg=com.facebook.katana
W/AlarmManager(  152): +++alarm onSendFinished ,action=com.facebook.katana.service.7
D/AlarmManager(  152): +++Alarm set:type=2 com.facebook.katana  Trigger after:87507266ms
D/KeyguardUpdateMonitor(  152): received broadcast android.intent.action.TIME_TICK
D/KeyguardUpdateMonitor(  152): handleTimeUpdate
V/PACW_WidgetReceiver( 4972): WidgetReceiver.onReceive(ACTION_TIME_TICK)
D/PACW_UpdateTimer( 4972): Tick RUN
D/WifiStateTracker(  152): WifiManager.calculateSignalLevel(-54, 4)=3
D/WifiStateTracker(  152): WifiManager.calculateSignalLevel(-52, 4)=3
D/dalvikvm( 3544): GC_EXPLICIT freed 12K, 47% free 2990K/5575K, external 1625K/2137K, paused 115ms
D/WifiStateTracker(  152): WifiManager.calculateSignalLevel(-53, 4)=3
D/WifiStateTracker(  152): WifiManager.calculateSignalLevel(-56, 4)=2
I/Kineto::wifi(  247): onReceive Enter
V/Kineto::wifi(  247): RSSI_CHANGED_ACTION newRssi: -56
I/Kineto::wifi(  247): onReceive Exit
D/WifiStateTracker(  152): WifiManager.calculateSignalLevel(-56, 4)=2
D/WifiStateTracker(  152): WifiManager.calculateSignalLevel(-55, 4)=3
I/Kineto::wifi(  247): onReceive Enter
V/Kineto::wifi(  247): RSSI_CHANGED_ACTION newRssi: -55
I/Kineto::wifi(  247): onReceive Exit
--------- beginning of /dev/log/system
E/ConnectivityService(  152):  getNetworkInfo : 0
D/WifiStateTracker(  152): WifiManager.calculateSignalLevel(-55, 4)=3
I/ActivityThread(32043): Finishing broadcast to ComponentInfo{com.orange.widget.devicestatus/com.orange.widget.devicestatus.DeviceStatusWidget}
D/ActivityThread(32043): <<< done: 113
D/WifiStateTracker(  152): WifiManager.calculateSignalLevel(-52, 4)=3
E/ActivityThread( 4831): >>> handling: 120
D/ActivityThread( 4831): <<< done: 120
D/dalvikvm( 4831): GC_EXPLICIT freed 12K, 49% free 2749K/5379K, external 1625K/2137K, paused 121ms
D/WifiStateTracker(  152): WifiManager.calculateSignalLevel(-54, 4)=3
D/WifiStateTracker(  152): WifiManager.calculateSignalLevel(-54, 4)=3
D/dalvikvm( 1654): GC_EXTERNAL_ALLOC freed 269K, 51% free 4060K/8199K, external 17496K/17767K, paused 69ms
E/ActivityThread( 4605): >>> handling: 120
D/ActivityThread( 4605): <<< done: 120
D/dalvikvm( 4605): GC_EXPLICIT freed 1038K, 55% free 3874K/8519K, external 5445K/6800K, paused 191ms
D/WifiStateTracker(  152): WifiManager.calculateSignalLevel(-54, 4)=3
D/WifiStateTracker(  152): WifiManager.calculateSignalLevel(-54, 4)=3
E/ActivityThread(32043): >>> handling: 120
D/ActivityThread(32043): <<< done: 120
D/dalvikvm(32043): GC_EXPLICIT freed 234K, 52% free 2803K/5767K, external 1625K/2137K, paused 107ms
I/KeyguardUpdateMonitor(  152): enter isDeviceProvisioned ...
I/KeyguardUpdateMonitor(  152): enter isDeviceProvisioned ...
I/KeyguardUpdateMonitor(  152): enter isDeviceProvisioned ...
I/ActivityThread(  152): Receiving broadcast android.intent.action.CLOSE_SYSTEM_DIALOGS to com.android.server.InputMethodManagerService$ScreenOnOffReceiver@2b21e1b8
I/ActivityThread(  152): Enqueueing broadcast android.intent.action.CLOSE_SYSTEM_DIALOGS to com.android.server.InputMethodManagerService$ScreenOnOffReceiver@2b21e1b8
I/ActivityThread(  152): Dispatching broadcast android.intent.action.CLOSE_SYSTEM_DIALOGS to com.android.server.InputMethodManagerService$ScreenOnOffReceiver@2b21e1b8
I/ActivityThread(  152):   mRegistered=true mCurOrdered=false
I/ActivityThread(  220): Receiving broadcast android.intent.action.CLOSE_SYSTEM_DIALOGS to com.android.systemui.statusbar.StatusBarService$4@2afec480
I/ActivityThread(  220): Enqueueing broadcast android.intent.action.CLOSE_SYSTEM_DIALOGS to com.android.systemui.statusbar.StatusBarService$4@2afec480
I/ActivityThread(  220): Dispatching broadcast android.intent.action.CLOSE_SYSTEM_DIALOGS to com.android.systemui.statusbar.StatusBarService$4@2afec480
I/ActivityThread(  220):   mRegistered=true mCurOrdered=false
D/wenxin  (  220): mBroadcastReceiver.action = android.intent.action.CLOSE_SYSTEM_DIALOGS
I/ActivityThread(  152): Receiving broadcast android.intent.action.CLOSE_SYSTEM_DIALOGS to com.android.internal.policy.impl.GlobalActions$4@2b355818
I/ActivityThread(  152): Enqueueing broadcast android.intent.action.CLOSE_SYSTEM_DIALOGS to com.android.internal.policy.impl.GlobalActions$4@2b355818
I/ActivityThread(  152): Dispatching broadcast android.intent.action.CLOSE_SYSTEM_DIALOGS to com.android.internal.policy.impl.GlobalActions$4@2b355818
I/ActivityThread(  152):   mRegistered=true mCurOrdered=false
I/ActivityThread(32043): Receiving broadcast android.intent.action.CLOSE_SYSTEM_DIALOGS to com.orange.widget.devicestatus.SystemHandler$1@2afce360
I/ActivityThread(32043): Enqueueing broadcast android.intent.action.CLOSE_SYSTEM_DIALOGS to com.orange.widget.devicestatus.SystemHandler$1@2afce360
I/ActivityThread(32043): Receiving broadcast android.intent.action.CLOSE_SYSTEM_DIALOGS to com.orange.widget.devicestatus.SystemHandler$2@2afce618
I/ActivityThread(32043): Enqueueing broadcast android.intent.action.CLOSE_SYSTEM_DIALOGS to com.orange.widget.devicestatus.SystemHandler$2@2afce618
I/ActivityThread(32043): Dispatching broadcast android.intent.action.CLOSE_SYSTEM_DIALOGS to com.orange.widget.devicestatus.SystemHandler$1@2afce360
I/ActivityThread(32043):   mRegistered=true mCurOrdered=false
I/ActivityThread(32043): Dispatching broadcast android.intent.action.CLOSE_SYSTEM_DIALOGS to com.orange.widget.devicestatus.SystemHandler$2@2afce618
I/ActivityThread(32043):   mRegistered=true mCurOrdered=false
V/InputMethodService( 4352): liuan : call closepanel.
V/InputMethodService( 4352): liuan : call closepanel. 123
E/PackageManager(  152): chooseBestActivitycom.android.launcher2.Launcher=0 vs com.orange.homescreen3x.MainActivity=0
I/ActivityThread( 1654): Receiving broadcast android.intent.action.CLOSE_SYSTEM_DIALOGS to com.android.launcher2.Launcher$CloseSystemDialogsIntentReceiver@2afe18b8
I/ActivityThread( 1654): Enqueueing broadcast android.intent.action.CLOSE_SYSTEM_DIALOGS to com.android.launcher2.Launcher$CloseSystemDialogsIntentReceiver@2afe18b8
I/ActivityThread( 4352): Receiving broadcast android.intent.action.CLOSE_SYSTEM_DIALOGS to android.inputmethodservice.InputMethodService$CloseSystemDialogsIntentReceiver@2afe2cd0
I/ActivityThread( 4352): Enqueueing broadcast android.intent.action.CLOSE_SYSTEM_DIALOGS to android.inputmethodservice.InputMethodService$CloseSystemDialogsIntentReceiver@2afe2cd0
I/ActivityThread( 4352): Dispatching broadcast android.intent.action.CLOSE_SYSTEM_DIALOGS to android.inputmethodservice.InputMethodService$CloseSystemDialogsIntentReceiver@2afe2cd0
I/ActivityThread( 4352):   mRegistered=true mCurOrdered=false
I/ActivityThread( 1654): Dispatching broadcast android.intent.action.CLOSE_SYSTEM_DIALOGS to com.android.launcher2.Launcher$CloseSystemDialogsIntentReceiver@2afe18b8
I/ActivityThread( 1654):   mRegistered=true mCurOrdered=false
I/ActivityManager(  152): Starting: Intent { act=android.intent.action.MAIN cat=[android.intent.category.HOME] flg=0x10200000 cmp=com.android.launcher/com.android.launcher2.Launcher } from pid 152
E/ActivityThread( 1654): >>> handling: 112
D/ActivityThread( 1654): <<< done: 112
D/WifiStateTracker(  152): WifiManager.calculateSignalLevel(-54, 4)=3
D/WifiStateTracker(  152): WifiManager.calculateSignalLevel(-54, 4)=3
E/ActivityThread( 5051): >>> handling: 120
D/ActivityThread( 5051): <<< done: 120
D/dalvikvm( 5051): GC_EXPLICIT freed 1023K, 43% free 5174K/8967K, external 1625K/2137K, paused 214ms
D/WifiStateTracker(  152): WifiManager.calculateSignalLevel(-53, 4)=3
D/WifiStateTracker(  152): WifiManager.calculateSignalLevel(-54, 4)=3
D/WifiStateTracker(  152): WifiManager.calculateSignalLevel(-54, 4)=3
D/WifiStateTracker(  152): WifiManager.calculateSignalLevel(-54, 4)=3
D/WifiStateTracker(  152): WifiManager.calculateSignalLevel(-52, 4)=3
D/dalvikvm( 1654): GC_EXTERNAL_ALLOC freed 76K, 52% free 3995K/8199K, external 18441K/18655K, paused 169ms
D/WifiStateTracker(  152): WifiManager.calculateSignalLevel(-53, 4)=3
D/WifiStateTracker(  152): WifiManager.calculateSignalLevel(-52, 4)=3
D/WifiStateTracker(  152): WifiManager.calculateSignalLevel(-52, 4)=3
I/ActivityThread(  152): Receiving broadcast android.intent.action.TIME_TICK to com.android.server.AlarmManagerService$ClockReceiver@2b1999e8
I/ActivityThread(  152): Enqueueing broadcast android.intent.action.TIME_TICK to com.android.server.AlarmManagerService$ClockReceiver@2b1999e8
I/ActivityThread(  152): Dispatching broadcast android.intent.action.TIME_TICK to com.android.server.AlarmManagerService$ClockReceiver@2b1999e8
I/ActivityThread(  152):   mRegistered=true mCurOrdered=true
D/AlarmManager(  152): scheduleTimeTickEvent calendar=Wed Aug 01 01:25:00 GMT 2012
D/AlarmManager(  152): calendar.getTimeInMillis()1343780700000
I/ActivityThread(  152): Finishing broadcast to com.android.server.AlarmManagerService$ClockReceiver@2b1999e8
I/ActivityThread(  152): Receiving broadcast android.intent.action.TIME_TICK to com.android.internal.policy.impl.KeyguardUpdateMonitor$3@2afe9f50
I/ActivityThread(  152): Enqueueing broadcast android.intent.action.TIME_TICK to com.android.internal.policy.impl.KeyguardUpdateMonitor$3@2afe9f50
D/KeyguardUpdateMonitor(  152): received broadcast android.intent.action.TIME_TICK
D/KeyguardUpdateMonitor(  152): handleTimeUpdate
I/ActivityThread(  152): Dispatching broadcast android.intent.action.TIME_TICK to com.android.internal.policy.impl.KeyguardUpdateMonitor$3@2afe9f50
I/ActivityThread(  152):   mRegistered=true mCurOrdered=true
I/ActivityThread(  152): Finishing broadcast to com.android.internal.policy.impl.KeyguardUpdateMonitor$3@2afe9f50
I/ActivityThread(  220): Receiving broadcast android.intent.action.TIME_TICK to com.android.systemui.statusbar.Clock$1@2aff73a8
I/ActivityThread(  220): Enqueueing broadcast android.intent.action.TIME_TICK to com.android.systemui.statusbar.Clock$1@2aff73a8
I/ActivityThread(  220): Dispatching broadcast android.intent.action.TIME_TICK to com.android.systemui.statusbar.Clock$1@2aff73a8
I/ActivityThread(  220):   mRegistered=true mCurOrdered=true
I/ActivityThread(  220): Finishing broadcast to com.android.systemui.statusbar.Clock$1@2aff73a8
I/ActivityThread(  220): Receiving broadcast android.intent.action.TIME_TICK to android.widget.DateTimeView$1@2b052418
I/ActivityThread(  220): Enqueueing broadcast android.intent.action.TIME_TICK to android.widget.DateTimeView$1@2b052418
I/ActivityThread(  220): Dispatching broadcast android.intent.action.TIME_TICK to android.widget.DateTimeView$1@2b052418
I/ActivityThread(  220):   mRegistered=true mCurOrdered=true
I/ActivityThread(  220): Finishing broadcast to android.widget.DateTimeView$1@2b052418
I/ActivityThread(  220): Receiving broadcast android.intent.action.TIME_TICK to android.widget.DateTimeView$1@2b148210
I/ActivityThread(  220): Enqueueing broadcast android.intent.action.TIME_TICK to android.widget.DateTimeView$1@2b148210
I/ActivityThread(  220): Dispatching broadcast android.intent.action.TIME_TICK to android.widget.DateTimeView$1@2b148210
I/ActivityThread(  220):   mRegistered=true mCurOrdered=true
I/ActivityThread(  220): Finishing broadcast to android.widget.DateTimeView$1@2b148210
I/ActivityThread(  220): Receiving broadcast android.intent.action.TIME_TICK to android.widget.DateTimeView$1@2b038c20
I/ActivityThread(  220): Enqueueing broadcast android.intent.action.TIME_TICK to android.widget.DateTimeView$1@2b038c20
V/PACW_WidgetReceiver( 4972): WidgetReceiver.onReceive(ACTION_TIME_TICK)
D/PACW_UpdateTimer( 4972): Tick RUN
I/ActivityThread(  220): Dispatching broadcast android.intent.action.TIME_TICK to android.widget.DateTimeView$1@2b038c20
I/ActivityThread(  220):   mRegistered=true mCurOrdered=true
I/ActivityThread(  220): Finishing broadcast to android.widget.DateTimeView$1@2b038c20
I/ActivityThread( 4972): Receiving broadcast android.intent.action.TIME_TICK to com.nasc.widget.pixelartclock.WidgetReceiver@2b062620
I/ActivityThread( 4972): Enqueueing broadcast android.intent.action.TIME_TICK to com.nasc.widget.pixelartclock.WidgetReceiver@2b062620
I/ActivityThread( 4972): Dispatching broadcast android.intent.action.TIME_TICK to com.nasc.widget.pixelartclock.WidgetReceiver@2b062620
I/ActivityThread( 4972):   mRegistered=true mCurOrdered=true
D/dalvikvm( 4972): GC_CONCURRENT freed 566K, 57% free 2940K/6727K, external 1625K/2137K, paused 9ms+10ms
I/ActivityThread( 4972): Finishing broadcast to com.nasc.widget.pixelartclock.WidgetReceiver@2b062620
D/WifiStateTracker(  152): WifiManager.calculateSignalLevel(-51, 4)=3
D/WifiStateTracker(  152): WifiManager.calculateSignalLevel(-54, 4)=3
E/ActivityThread( 4972): >>> handling: 120
D/ActivityThread( 4972): <<< done: 120
D/dalvikvm( 4972): GC_EXPLICIT freed 204K, 57% free 2925K/6727K, external 1625K/2137K, paused 120ms
D/WifiStateTracker(  152): WifiManager.calculateSignalLevel(-54, 4)=3
D/WifiStateTracker(  152): WifiManager.calculateSignalLevel(-51, 4)=3
D/WifiStateTracker(  152): WifiManager.calculateSignalLevel(-52, 4)=3
D/WifiStateTracker(  152): WifiManager.calculateSignalLevel(-52, 4)=3
D/WifiStateTracker(  152): WifiManager.calculateSignalLevel(-49, 4)=3
D/WifiStateTracker(  152): WifiManager.calculateSignalLevel(-51, 4)=3
